<html>
<body>
<pre>
<h1>µVision Build Log</h1>
<h2>Tool Versions:</h2>
IDE-Version: µVision V5.38.0.0
Copyright (C) 2022 ARM Ltd and ARM Germany GmbH. All rights reserved.
License Information: Rusu Oana, ATM, LIC=----
 
Tool Versions:
Toolchain:       MDK-Lite  Version: 5.38.0.0
Toolchain Path:  C:\Keil_v5\ARM\ARMCLANG\Bin
C Compiler:      ArmClang.exe V6.19
Assembler:       Armasm.exe V6.19
Linker/Locator:  ArmLink.exe V6.19
Library Manager: ArmAr.exe V6.19
Hex Converter:   FromElf.exe V6.19
CPU DLL:         SARMCM3.DLL V5.38.0.0
Dialog DLL:      DARMCM1.DLL V1.19.6.0
Target DLL:      CMSIS_AGDI.dll V1.33.15.0
Dialog DLL:      TARMCM1.DLL V1.14.6.0
 
<h2>Project:</h2>
D:\qProcesoare\FlameDetector_bun_\FlameDetector\FlameDetector\src\FlameDetector.uvprojx
Project File Date:  01/07/2024

<h2>Output:</h2>
*** Using Compiler 'V6.19', folder: 'C:\Keil_v5\ARM\ARMCLANG\Bin'
Build target 'Target 1'
main.c(2): warning: In file included from...
./pit.h(3): warning: // comments are not allowed in this language [-Wcomment]
void PIT_Init(void); // Functie de initializarea a modulului periferic
                     ^
main.c(3): warning: In file included from...
./gpio.h(3): warning: // comments are not allowed in this language [-Wcomment]
#define RED_LED_PIN (18) // PORT B RED LED
                         ^
./gpio.h(26): warning: no newline at end of file [-Wnewline-eof]
void digitalWrite(uint8_t pin, uint8_t state, uint8_t port);
                                                            ^
main.c(4): warning: In file included from...
./adc.h(3): warning: // comments are not allowed in this language [-Wcomment]
#define ADC_CHANNEL (11) // PORT C PIN 2
                         ^
main.c(6): warning: In file included from...
./pwm.h(3): warning: // comments are not allowed in this language [-Wcomment]
#define OSCILLOSCOPE_PIN (2) // PORT B , PIN 2
                             ^
./pwm.h(7): warning: a function declaration without a prototype is deprecated in all versions of C [-Wstrict-prototypes]
void Signal_Control();
                   ^
                    void
main.c(22): warning: a function declaration without a prototype is deprecated in all versions of C [-Wstrict-prototypes]
void updateLEDs(){
               ^
                void
main.c(22): warning: no previous prototype for function 'updateLEDs' [-Wmissing-prototypes]
void updateLEDs(){
     ^
main.c(22): note: declare 'static' if the function is not intended to be used outside of this translation unit
void updateLEDs(){
^
static 
main.c(54): warning: a function declaration without a prototype is deprecated in all versions of C [-Wstrict-prototypes]
void initLeds()
             ^
              void
main.c(56): warning: // comments are not allowed in this language [-Wcomment]
        // Semnal de ceas pentru PORT B
        ^
main.c(54): warning: no previous prototype for function 'initLeds' [-Wmissing-prototypes]
void initLeds()
     ^
main.c(54): note: declare 'static' if the function is not intended to be used outside of this translation unit
void initLeds()
^
static 
main.c(84): warning: unused variable 'i' [-Wunused-variable]
        int i = 0;
            ^
main.c(111): warning: 'return' will never be executed [-Wunreachable-code-return]
        return 0;
               ^
13 warnings generated.
compiling main.c...
linking...
Program Size: Code=5648 RO-data=272 RW-data=0 ZI-data=384  
".\Objects\FlameDetector.axf" - 0 Error(s), 13 Warning(s).

<h2>Software Packages used:</h2>

Package Vendor: ARM
                http://www.keil.com/pack/ARM.CMSIS.5.9.0.pack
                ARM.CMSIS.5.9.0
                CMSIS (Common Microcontroller Software Interface Standard)
   * Component: CORE Version: 5.6.0

Package Vendor: Keil
                https://www.keil.com/pack/Keil.Kinetis_KLxx_DFP.1.15.1.pack
                Keil.Kinetis_KLxx_DFP.1.15.1
                NXP Kinetis KLxx Series Device Support and Examples
   * Component: Startup Version: 2.5.0

<h2>Collection of Component include folders:</h2>
  ./RTE/Device/MKL25Z128xxx4
  ./RTE/_Target_1
  C:/Users/Asus/AppData/Local/Arm/Packs/ARM/CMSIS/5.9.0/CMSIS/Core/Include
  C:/Users/Asus/AppData/Local/Arm/Packs/Keil/Kinetis_KLxx_DFP/1.15.1/Device/Include

<h2>Collection of Component Files used:</h2>

   * Component: ARM::CMSIS:CORE:5.6.0

   * Component: Keil::Device:Startup:2.5.0
      Source file:   Device/Source/system_MKL25Z4.c
      Include file:  Device/Source/system_MKL25Z4.h
      Source file:   Device/Source/ARM/startup_MKL25Z4.s
Build Time Elapsed:  00:00:01
</pre>
</body>
</html>
