Component: Arm Compiler for Embedded 6.19 Tool: armlink [5e73cb00]

==============================================================================

Section Cross References

    main.o(.text.updateLEDs) refers to gpio.o(.text.digitalWrite) for digitalWrite
    main.o(.text.updateLEDs) refers to pit.o(.bss.led_state) for led_state
    main.o(.ARM.exidx.text.updateLEDs) refers to main.o(.text.updateLEDs) for [Anonymous Symbol]
    main.o(.text.initLeds) refers to gpio.o(.text.setPin) for setPin
    main.o(.text.initLeds) refers to gpio.o(.text.digitalWrite) for digitalWrite
    main.o(.ARM.exidx.text.initLeds) refers to main.o(.text.initLeds) for [Anonymous Symbol]
    main.o(.text.main) refers to clock.o(.text.SystemClock_Configure) for SystemClock_Configure
    main.o(.text.main) refers to clock.o(.text.SystemClockTick_Configure) for SystemClockTick_Configure
    main.o(.text.main) refers to pwm.o(.text.TPM2_Init) for TPM2_Init
    main.o(.text.main) refers to uart.o(.text.UART0_Initialize) for UART0_Initialize
    main.o(.text.main) refers to main.o(.text.initLeds) for initLeds
    main.o(.text.main) refers to pit.o(.text.PIT_Init) for PIT_Init
    main.o(.text.main) refers to adc.o(.text.ADC0_Init) for ADC0_Init
    main.o(.text.main) refers to adc.o(.text.ADC0_IRQHandler) for ADC0_IRQHandler
    main.o(.text.main) refers to pwm.o(.text.Signal_Control) for Signal_Control
    main.o(.text.main) refers to clock.o(.bss.flag_1s) for flag_1s
    main.o(.text.main) refers to pwm.o(.bss.manual_servo) for manual_servo
    main.o(.text.main) refers to pwm.o(.bss.angle_left) for angle_left
    main.o(.text.main) refers to pwm.o(.bss.angle_right) for angle_right
    main.o(.ARM.exidx.text.main) refers to main.o(.text.main) for [Anonymous Symbol]
    uart.o(.text.UART0_Transmit_String) refers to uart.o(.text.UART0_Transmit) for UART0_Transmit
    uart.o(.ARM.exidx.text.UART0_Transmit_String) refers to uart.o(.text.UART0_Transmit_String) for [Anonymous Symbol]
    uart.o(.ARM.exidx.text.UART0_Transmit) refers to uart.o(.text.UART0_Transmit) for [Anonymous Symbol]
    uart.o(.ARM.exidx.text.UART0_Receive) refers to uart.o(.text.UART0_Receive) for [Anonymous Symbol]
    uart.o(.text.UART0_Initialize) refers to aeabi_sdiv.o(.text) for __aeabi_uidiv
    uart.o(.text.UART0_Initialize) refers to uart.o(.text.__NVIC_ClearPendingIRQ) for __NVIC_ClearPendingIRQ
    uart.o(.text.UART0_Initialize) refers to uart.o(.text.__NVIC_EnableIRQ) for __NVIC_EnableIRQ
    uart.o(.ARM.exidx.text.UART0_Initialize) refers to uart.o(.text.UART0_Initialize) for [Anonymous Symbol]
    uart.o(.ARM.exidx.text.__NVIC_ClearPendingIRQ) refers to uart.o(.text.__NVIC_ClearPendingIRQ) for [Anonymous Symbol]
    uart.o(.ARM.exidx.text.__NVIC_EnableIRQ) refers to uart.o(.text.__NVIC_EnableIRQ) for [Anonymous Symbol]
    uart.o(.text.UART0_IRQHandler) refers to pwm.o(.bss.angle_right) for angle_right
    uart.o(.text.UART0_IRQHandler) refers to pwm.o(.bss.angle_left) for angle_left
    uart.o(.text.UART0_IRQHandler) refers to pwm.o(.bss.manual_servo) for manual_servo
    uart.o(.text.UART0_IRQHandler) refers to pit.o(.bss.reverse_leds) for reverse_leds
    uart.o(.ARM.exidx.text.UART0_IRQHandler) refers to uart.o(.text.UART0_IRQHandler) for [Anonymous Symbol]
    gpio.o(.ARM.exidx.text.setPin) refers to gpio.o(.text.setPin) for [Anonymous Symbol]
    gpio.o(.ARM.exidx.text.digitalWrite) refers to gpio.o(.text.digitalWrite) for [Anonymous Symbol]
    pit.o(.text.PIT_Init) refers to pit.o(.text.__NVIC_ClearPendingIRQ) for __NVIC_ClearPendingIRQ
    pit.o(.text.PIT_Init) refers to pit.o(.text.__NVIC_SetPriority) for __NVIC_SetPriority
    pit.o(.text.PIT_Init) refers to pit.o(.text.__NVIC_EnableIRQ) for __NVIC_EnableIRQ
    pit.o(.ARM.exidx.text.PIT_Init) refers to pit.o(.text.PIT_Init) for [Anonymous Symbol]
    pit.o(.ARM.exidx.text.__NVIC_ClearPendingIRQ) refers to pit.o(.text.__NVIC_ClearPendingIRQ) for [Anonymous Symbol]
    pit.o(.ARM.exidx.text.__NVIC_SetPriority) refers to pit.o(.text.__NVIC_SetPriority) for [Anonymous Symbol]
    pit.o(.ARM.exidx.text.__NVIC_EnableIRQ) refers to pit.o(.text.__NVIC_EnableIRQ) for [Anonymous Symbol]
    pit.o(.text.PIT_IRQHandler) refers to main.o(.text.updateLEDs) for updateLEDs
    pit.o(.text.PIT_IRQHandler) refers to pit.o(.bss.reverse_leds) for reverse_leds
    pit.o(.text.PIT_IRQHandler) refers to pit.o(.bss.led_state) for led_state
    pit.o(.ARM.exidx.text.PIT_IRQHandler) refers to pit.o(.text.PIT_IRQHandler) for [Anonymous Symbol]
    adc.o(.text.ADC0_Init) refers to adc.o(.text.ADC0_Calibrate) for ADC0_Calibrate
    adc.o(.ARM.exidx.text.ADC0_Init) refers to adc.o(.text.ADC0_Init) for [Anonymous Symbol]
    adc.o(.ARM.exidx.text.ADC0_Calibrate) refers to adc.o(.text.ADC0_Calibrate) for [Anonymous Symbol]
    adc.o(.ARM.exidx.text.ADC0_Read) refers to adc.o(.text.ADC0_Read) for [Anonymous Symbol]
    adc.o(.text.ADC0_IRQHandler) refers to dflti.o(.text) for __aeabi_i2d
    adc.o(.text.ADC0_IRQHandler) refers to dmul.o(.text) for __aeabi_dmul
    adc.o(.text.ADC0_IRQHandler) refers to d2f.o(.text) for __aeabi_d2f
    adc.o(.text.ADC0_IRQHandler) refers to fdiv.o(.text) for __aeabi_fdiv
    adc.o(.text.ADC0_IRQHandler) refers to ffixi.o(.text) for __aeabi_f2iz
    adc.o(.text.ADC0_IRQHandler) refers to fmul.o(x$fpl$fmul) for __aeabi_fmul
    adc.o(.text.ADC0_IRQHandler) refers to aeabi_sdiv.o(.text) for __aeabi_uidivmod
    adc.o(.text.ADC0_IRQHandler) refers to uart.o(.text.UART0_Transmit) for UART0_Transmit
    adc.o(.text.ADC0_IRQHandler) refers to fcmp.o(i._fleq) for __aeabi_fcmple
    adc.o(.text.ADC0_IRQHandler) refers to adc.o(.bss.flame_status) for flame_status
    adc.o(.ARM.exidx.text.ADC0_IRQHandler) refers to adc.o(.text.ADC0_IRQHandler) for [Anonymous Symbol]
    pwm.o(.text.itoa) refers to aeabi_sdiv.o(.text) for __aeabi_idivmod
    pwm.o(.ARM.exidx.text.itoa) refers to pwm.o(.text.itoa) for [Anonymous Symbol]
    pwm.o(.ARM.exidx.text.TPM2_Init) refers to pwm.o(.text.TPM2_Init) for [Anonymous Symbol]
    pwm.o(.text.Signal_Control) refers to pwm.o(.bss.Signal_Control.duty_cycle) for [Anonymous Symbol]
    pwm.o(.ARM.exidx.text.Signal_Control) refers to pwm.o(.text.Signal_Control) for [Anonymous Symbol]
    clock.o(.ARM.exidx.text.SystemClock_Configure) refers to clock.o(.text.SystemClock_Configure) for [Anonymous Symbol]
    clock.o(.text.SystemClockTick_Configure) refers to clock.o(.text.__NVIC_SetPriority) for __NVIC_SetPriority
    clock.o(.ARM.exidx.text.SystemClockTick_Configure) refers to clock.o(.text.SystemClockTick_Configure) for [Anonymous Symbol]
    clock.o(.ARM.exidx.text.__NVIC_SetPriority) refers to clock.o(.text.__NVIC_SetPriority) for [Anonymous Symbol]
    clock.o(.text.SysTick_Handler) refers to clock.o(.bss.base_tick) for base_tick
    clock.o(.text.SysTick_Handler) refers to clock.o(.bss.flag_50ms) for flag_50ms
    clock.o(.text.SysTick_Handler) refers to clock.o(.bss.tick_50ms) for tick_50ms
    clock.o(.text.SysTick_Handler) refers to clock.o(.bss.flag_100ms) for flag_100ms
    clock.o(.text.SysTick_Handler) refers to clock.o(.bss.tick_100ms) for tick_100ms
    clock.o(.text.SysTick_Handler) refers to clock.o(.bss.flag_500ms) for flag_500ms
    clock.o(.text.SysTick_Handler) refers to clock.o(.bss.tick_500ms) for tick_500ms
    clock.o(.text.SysTick_Handler) refers to clock.o(.bss.flag_1s) for flag_1s
    clock.o(.text.SysTick_Handler) refers to clock.o(.bss.tick_1s) for tick_1s
    clock.o(.text.SysTick_Handler) refers to clock.o(.bss.flag_5s) for flag_5s
    clock.o(.ARM.exidx.text.SysTick_Handler) refers to clock.o(.text.SysTick_Handler) for [Anonymous Symbol]
    startup_mkl25z4.o(STACK) refers (Special) to heapauxi.o(.text) for __use_two_region_memory
    startup_mkl25z4.o(HEAP) refers (Special) to heapauxi.o(.text) for __use_two_region_memory
    startup_mkl25z4.o(RESET) refers (Special) to heapauxi.o(.text) for __use_two_region_memory
    startup_mkl25z4.o(RESET) refers to startup_mkl25z4.o(STACK) for __initial_sp
    startup_mkl25z4.o(RESET) refers to startup_mkl25z4.o(.text) for Reset_Handler
    startup_mkl25z4.o(RESET) refers to clock.o(.text.SysTick_Handler) for SysTick_Handler
    startup_mkl25z4.o(RESET) refers to uart.o(.text.UART0_IRQHandler) for UART0_IRQHandler
    startup_mkl25z4.o(RESET) refers to adc.o(.text.ADC0_IRQHandler) for ADC0_IRQHandler
    startup_mkl25z4.o(RESET) refers to pit.o(.text.PIT_IRQHandler) for PIT_IRQHandler
    startup_mkl25z4.o(.ARM.__at_0x400) refers (Special) to heapauxi.o(.text) for __use_two_region_memory
    startup_mkl25z4.o(.text) refers (Special) to heapauxi.o(.text) for __use_two_region_memory
    startup_mkl25z4.o(.text) refers to system_mkl25z4.o(.text.SystemInit) for SystemInit
    startup_mkl25z4.o(.text) refers to __main.o(!!!main) for __main
    startup_mkl25z4.o(.text) refers to startup_mkl25z4.o(HEAP) for Heap_Mem
    startup_mkl25z4.o(.text) refers to startup_mkl25z4.o(STACK) for Stack_Mem
    system_mkl25z4.o(.ARM.exidx.text.SystemInit) refers to system_mkl25z4.o(.text.SystemInit) for [Anonymous Symbol]
    system_mkl25z4.o(.text.SystemCoreClockUpdate) refers to aeabi_sdiv.o(.text) for __aeabi_uidiv
    system_mkl25z4.o(.text.SystemCoreClockUpdate) refers to system_mkl25z4.o(.data.SystemCoreClock) for SystemCoreClock
    system_mkl25z4.o(.ARM.exidx.text.SystemCoreClockUpdate) refers to system_mkl25z4.o(.text.SystemCoreClockUpdate) for [Anonymous Symbol]
    __main.o(!!!main) refers to __rtentry.o(.ARM.Collect$$rtentry$$00000000) for __rt_entry
    d2f.o(.text) refers (Special) to usenofp.o(x$fpl$usenofp) for __I$use$fp
    dflti.o(.text) refers (Special) to usenofp.o(x$fpl$usenofp) for __I$use$fp
    dmul.o(.text) refers (Special) to usenofp.o(x$fpl$usenofp) for __I$use$fp
    fcmp.o(i._feq) refers (Special) to usenofp.o(x$fpl$usenofp) for __I$use$fp
    fcmp.o(i._feq) refers to feqf.o(x$fpl$feqf) for _fcmpeq
    fcmp.o(i._fgeq) refers (Special) to usenofp.o(x$fpl$usenofp) for __I$use$fp
    fcmp.o(i._fgeq) refers to fgef.o(x$fpl$fgeqf) for _fcmpge
    fcmp.o(i._fgr) refers (Special) to usenofp.o(x$fpl$usenofp) for __I$use$fp
    fcmp.o(i._fgr) refers to fgef.o(x$fpl$fgeqf) for _fcmpge
    fcmp.o(i._fleq) refers (Special) to usenofp.o(x$fpl$usenofp) for __I$use$fp
    fcmp.o(i._fleq) refers to flef.o(x$fpl$fleqf) for _fcmple
    fcmp.o(i._fls) refers (Special) to usenofp.o(x$fpl$usenofp) for __I$use$fp
    fcmp.o(i._fls) refers to flef.o(x$fpl$fleqf) for _fcmple
    fcmp.o(i._fneq) refers (Special) to usenofp.o(x$fpl$usenofp) for __I$use$fp
    fcmp.o(i._fneq) refers to feqf.o(x$fpl$feqf) for _fcmpeq
    fdiv.o(.text) refers (Special) to usenofp.o(x$fpl$usenofp) for __I$use$fp
    fdiv.o(.text) refers to fdiv.o(.constdata) for .constdata
    fdiv.o(.constdata) refers (Special) to usenofp.o(x$fpl$usenofp) for __I$use$fp
    ffixi.o(.text) refers (Special) to usenofp.o(x$fpl$usenofp) for __I$use$fp
    fmul.o(x$fpl$fmul) refers (Special) to usenofp.o(x$fpl$usenofp) for __I$use$fp
    __rtentry.o(.ARM.Collect$$rtentry$$00000000) refers (Special) to __rtentry2.o(.ARM.Collect$$rtentry$$0000000A) for __rt_entry_li
    __rtentry.o(.ARM.Collect$$rtentry$$00000000) refers (Special) to __rtentry2.o(.ARM.Collect$$rtentry$$0000000D) for __rt_entry_main
    __rtentry.o(.ARM.Collect$$rtentry$$00000000) refers (Special) to __rtentry2.o(.ARM.Collect$$rtentry$$0000000C) for __rt_entry_postli_1
    __rtentry.o(.ARM.Collect$$rtentry$$00000000) refers (Special) to __rtentry2.o(.ARM.Collect$$rtentry$$00000009) for __rt_entry_postsh_1
    __rtentry.o(.ARM.Collect$$rtentry$$00000000) refers (Special) to __rtentry2.o(.ARM.Collect$$rtentry$$00000002) for __rt_entry_presh_1
    __rtentry.o(.ARM.Collect$$rtentry$$00000000) refers (Special) to __rtentry4.o(.ARM.Collect$$rtentry$$00000004) for __rt_entry_sh
    aeabi_idiv0_sigfpe.o(.text) refers to rt_div0.o(.text) for __rt_div0
    feqf.o(x$fpl$feqf) refers (Special) to usenofp.o(x$fpl$usenofp) for __I$use$fp
    feqf.o(x$fpl$feqf) refers to fcmpin.o(.text) for __fpl_fcmp_InfNaN
    fgef.o(x$fpl$fgeqf) refers (Special) to usenofp.o(x$fpl$usenofp) for __I$use$fp
    fgef.o(x$fpl$fgeqf) refers to fcmpin.o(.text) for __fpl_fcmp_InfNaN
    flef.o(x$fpl$fleqf) refers (Special) to usenofp.o(x$fpl$usenofp) for __I$use$fp
    flef.o(x$fpl$fleqf) refers to fcmpin.o(.text) for __fpl_fcmp_InfNaN
    __rtentry2.o(.ARM.Collect$$rtentry$$00000008) refers to boardinit2.o(.text) for _platform_post_stackheap_init
    __rtentry2.o(.ARM.Collect$$rtentry$$0000000A) refers to libinit.o(.ARM.Collect$$libinit$$00000000) for __rt_lib_init
    __rtentry2.o(.ARM.Collect$$rtentry$$0000000B) refers to boardinit3.o(.text) for _platform_post_lib_init
    __rtentry2.o(.ARM.Collect$$rtentry$$0000000D) refers to main.o(.text.main) for main
    __rtentry2.o(.ARM.Collect$$rtentry$$0000000D) refers to exit.o(.text) for exit
    __rtentry2.o(.ARM.exidx) refers to __rtentry2.o(.ARM.Collect$$rtentry$$00000001) for .ARM.Collect$$rtentry$$00000001
    __rtentry2.o(.ARM.exidx) refers to __rtentry2.o(.ARM.Collect$$rtentry$$00000008) for .ARM.Collect$$rtentry$$00000008
    __rtentry2.o(.ARM.exidx) refers to __rtentry2.o(.ARM.Collect$$rtentry$$0000000A) for .ARM.Collect$$rtentry$$0000000A
    __rtentry2.o(.ARM.exidx) refers to __rtentry2.o(.ARM.Collect$$rtentry$$0000000B) for .ARM.Collect$$rtentry$$0000000B
    __rtentry2.o(.ARM.exidx) refers to __rtentry2.o(.ARM.Collect$$rtentry$$0000000D) for .ARM.Collect$$rtentry$$0000000D
    __rtentry4.o(.ARM.Collect$$rtentry$$00000004) refers to sys_stackheap_outer.o(.text) for __user_setup_stackheap
    __rtentry4.o(.ARM.exidx) refers to __rtentry4.o(.ARM.Collect$$rtentry$$00000004) for .ARM.Collect$$rtentry$$00000004
    rt_div0.o(.text) refers to defsig_fpe_outer.o(.text) for __rt_SIGFPE
    fcmpin.o(.text) refers (Special) to usenofp.o(x$fpl$usenofp) for __I$use$fp
    fcmpin.o(.text) refers to cmpret.o(.text) for __fpl_cmpreturn
    fcmpin.o(.text) refers to fnan2.o(.text) for __fpl_fcheck_NaN2
    sys_stackheap_outer.o(.text) refers to libspace.o(.text) for __user_perproc_libspace
    sys_stackheap_outer.o(.text) refers to startup_mkl25z4.o(.text) for __user_initial_stackheap
    sys_stackheap_outer.o(__vectab_stack_and_reset_area) refers to tempstk.o(.text) for __temporary_stack_top
    sys_stackheap_outer.o(__vectab_stack_and_reset_area) refers to __main.o(!!!main) for __main
    exit.o(.text) refers to rtexit.o(.ARM.Collect$$rtexit$$00000000) for __rt_exit
    defsig_fpe_outer.o(.text) refers to defsig_fpe_inner.o(.text) for __rt_SIGFPE_inner
    defsig_fpe_outer.o(.text) refers to defsig_exit.o(.text) for __sig_exit
    defsig_fpe_formal.o(.text) refers to rt_raise.o(.text) for __rt_raise
    libinit.o(.ARM.Collect$$libinit$$00000000) refers (Special) to libinit2.o(.ARM.Collect$$libinit$$00000030) for __rt_lib_init_alloca_1
    libinit.o(.ARM.Collect$$libinit$$00000000) refers (Special) to libinit2.o(.ARM.Collect$$libinit$$0000002E) for __rt_lib_init_argv_1
    libinit.o(.ARM.Collect$$libinit$$00000000) refers (Special) to libinit2.o(.ARM.Collect$$libinit$$0000001D) for __rt_lib_init_atexit_1
    libinit.o(.ARM.Collect$$libinit$$00000000) refers (Special) to libinit2.o(.ARM.Collect$$libinit$$00000023) for __rt_lib_init_clock_1
    libinit.o(.ARM.Collect$$libinit$$00000000) refers (Special) to libinit2.o(.ARM.Collect$$libinit$$00000034) for __rt_lib_init_cpp_1
    libinit.o(.ARM.Collect$$libinit$$00000000) refers (Special) to libinit2.o(.ARM.Collect$$libinit$$00000032) for __rt_lib_init_exceptions_1
    libinit.o(.ARM.Collect$$libinit$$00000000) refers (Special) to libinit2.o(.ARM.Collect$$libinit$$00000002) for __rt_lib_init_fp_1
    libinit.o(.ARM.Collect$$libinit$$00000000) refers (Special) to libinit2.o(.ARM.Collect$$libinit$$00000021) for __rt_lib_init_fp_trap_1
    libinit.o(.ARM.Collect$$libinit$$00000000) refers (Special) to libinit2.o(.ARM.Collect$$libinit$$00000025) for __rt_lib_init_getenv_1
    libinit.o(.ARM.Collect$$libinit$$00000000) refers (Special) to libinit2.o(.ARM.Collect$$libinit$$0000000C) for __rt_lib_init_heap_1
    libinit.o(.ARM.Collect$$libinit$$00000000) refers (Special) to libinit2.o(.ARM.Collect$$libinit$$00000013) for __rt_lib_init_lc_collate_1
    libinit.o(.ARM.Collect$$libinit$$00000000) refers (Special) to libinit2.o(.ARM.Collect$$libinit$$00000015) for __rt_lib_init_lc_ctype_1
    libinit.o(.ARM.Collect$$libinit$$00000000) refers (Special) to libinit2.o(.ARM.Collect$$libinit$$00000017) for __rt_lib_init_lc_monetary_1
    libinit.o(.ARM.Collect$$libinit$$00000000) refers (Special) to libinit2.o(.ARM.Collect$$libinit$$00000019) for __rt_lib_init_lc_numeric_1
    libinit.o(.ARM.Collect$$libinit$$00000000) refers (Special) to libinit2.o(.ARM.Collect$$libinit$$0000001B) for __rt_lib_init_lc_time_1
    libinit.o(.ARM.Collect$$libinit$$00000000) refers (Special) to libinit2.o(.ARM.Collect$$libinit$$00000006) for __rt_lib_init_preinit_1
    libinit.o(.ARM.Collect$$libinit$$00000000) refers (Special) to libinit2.o(.ARM.Collect$$libinit$$00000010) for __rt_lib_init_rand_1
    libinit.o(.ARM.Collect$$libinit$$00000000) refers (Special) to libinit2.o(.ARM.Collect$$libinit$$00000004) for __rt_lib_init_relocate_pie_1
    libinit.o(.ARM.Collect$$libinit$$00000000) refers (Special) to libinit2.o(.ARM.Collect$$libinit$$00000035) for __rt_lib_init_return
    libinit.o(.ARM.Collect$$libinit$$00000000) refers (Special) to libinit2.o(.ARM.Collect$$libinit$$0000001F) for __rt_lib_init_signal_1
    libinit.o(.ARM.Collect$$libinit$$00000000) refers (Special) to libinit2.o(.ARM.Collect$$libinit$$00000027) for __rt_lib_init_stdio_1
    libinit.o(.ARM.Collect$$libinit$$00000000) refers (Special) to libinit2.o(.ARM.Collect$$libinit$$0000000E) for __rt_lib_init_user_alloc_1
    cmpret.o(.text) refers (Special) to usenofp.o(x$fpl$usenofp) for __I$use$fp
    fnan2.o(.text) refers (Special) to usenofp.o(x$fpl$usenofp) for __I$use$fp
    fnan2.o(.text) refers to retnan.o(.text) for __fpl_return_NaN
    libspace.o(.text) refers to libspace.o(.bss) for __libspace_start
    rtexit.o(.ARM.Collect$$rtexit$$00000000) refers (Special) to rtexit2.o(.ARM.Collect$$rtexit$$00000004) for __rt_exit_exit
    rtexit.o(.ARM.Collect$$rtexit$$00000000) refers (Special) to rtexit2.o(.ARM.Collect$$rtexit$$00000003) for __rt_exit_ls
    rtexit.o(.ARM.Collect$$rtexit$$00000000) refers (Special) to rtexit2.o(.ARM.Collect$$rtexit$$00000002) for __rt_exit_prels_1
    rtexit.o(.ARM.exidx) refers (Special) to rtexit2.o(.ARM.Collect$$rtexit$$00000004) for __rt_exit_exit
    rtexit.o(.ARM.exidx) refers (Special) to rtexit2.o(.ARM.Collect$$rtexit$$00000003) for __rt_exit_ls
    rtexit.o(.ARM.exidx) refers (Special) to rtexit2.o(.ARM.Collect$$rtexit$$00000002) for __rt_exit_prels_1
    rtexit.o(.ARM.exidx) refers to rtexit.o(.ARM.Collect$$rtexit$$00000000) for .ARM.Collect$$rtexit$$00000000
    rt_raise.o(.text) refers to __raise.o(.text) for __raise
    rt_raise.o(.text) refers to sys_exit.o(.text) for _sys_exit
    defsig_exit.o(.text) refers to sys_exit.o(.text) for _sys_exit
    defsig_fpe_inner.o(.text) refers to defsig_general.o(.text) for __default_signal_display
    libinit2.o(.ARM.Collect$$libinit$$00000012) refers to libinit2.o(.ARM.Collect$$libinit$$00000011) for .ARM.Collect$$libinit$$00000011
    libinit2.o(.ARM.Collect$$libinit$$00000014) refers to libinit2.o(.ARM.Collect$$libinit$$00000011) for .ARM.Collect$$libinit$$00000011
    libinit2.o(.ARM.Collect$$libinit$$00000016) refers to libinit2.o(.ARM.Collect$$libinit$$00000011) for .ARM.Collect$$libinit$$00000011
    libinit2.o(.ARM.Collect$$libinit$$00000018) refers to libinit2.o(.ARM.Collect$$libinit$$00000011) for .ARM.Collect$$libinit$$00000011
    libinit2.o(.ARM.Collect$$libinit$$0000001A) refers to libinit2.o(.ARM.Collect$$libinit$$00000011) for .ARM.Collect$$libinit$$00000011
    libinit2.o(.ARM.Collect$$libinit$$00000028) refers to argv_veneer.o(.text) for __ARM_argv_veneer
    libinit2.o(.ARM.Collect$$libinit$$00000029) refers to argv_veneer.o(.text) for __ARM_argv_veneer
    retnan.o(.text) refers (Special) to usenofp.o(x$fpl$usenofp) for __I$use$fp
    retnan.o(.text) refers to cmpret.o(.text) for __fpl_cmpreturn
    sys_exit.o(.text) refers (Special) to use_no_semi.o(.text) for __I$use$semihosting
    sys_exit.o(.text) refers (Special) to indicate_semi.o(.text) for __semihosting_library_function
    sys_exit_hlt.o(.text) refers (Special) to use_no_semi.o(.text) for __I$use$semihosting
    sys_exit_hlt.o(.text) refers (Special) to indicate_semi.o(.text) for __semihosting_library_function
    rtexit2.o(.ARM.Collect$$rtexit$$00000003) refers to libshutdown.o(.ARM.Collect$$libshutdown$$00000000) for __rt_lib_shutdown
    rtexit2.o(.ARM.Collect$$rtexit$$00000004) refers to sys_exit.o(.text) for _sys_exit
    rtexit2.o(.ARM.exidx) refers to rtexit2.o(.ARM.Collect$$rtexit$$00000001) for .ARM.Collect$$rtexit$$00000001
    rtexit2.o(.ARM.exidx) refers to rtexit2.o(.ARM.Collect$$rtexit$$00000003) for .ARM.Collect$$rtexit$$00000003
    rtexit2.o(.ARM.exidx) refers to rtexit2.o(.ARM.Collect$$rtexit$$00000004) for .ARM.Collect$$rtexit$$00000004
    __raise.o(.text) refers to defsig.o(CL$$defsig) for __default_signal_handler
    defsig_general.o(.text) refers to sys_wrch.o(.text) for _ttywrch
    sys_wrch.o(.text) refers (Special) to use_no_semi.o(.text) for __I$use$semihosting
    sys_wrch.o(.text) refers (Special) to indicate_semi.o(.text) for __semihosting_library_function
    sys_wrch_hlt.o(.text) refers (Special) to use_no_semi.o(.text) for __I$use$semihosting
    sys_wrch_hlt.o(.text) refers (Special) to indicate_semi.o(.text) for __semihosting_library_function
    defsig.o(CL$$defsig) refers to defsig_fpe_inner.o(.text) for __rt_SIGFPE_inner
    defsig.o(CL$$defsig) refers to defsig_rtmem_inner.o(.text) for __rt_SIGRTMEM_inner
    _get_argv_nomalloc.o(.text) refers (Special) to hrguard.o(.text) for __heap_region$guard
    _get_argv_nomalloc.o(.text) refers to defsig_rtmem_outer.o(.text) for __rt_SIGRTMEM
    _get_argv_nomalloc.o(.text) refers to sys_command.o(.text) for _sys_command_string
    libshutdown.o(.ARM.Collect$$libshutdown$$00000000) refers (Special) to libshutdown2.o(.ARM.Collect$$libshutdown$$00000002) for __rt_lib_shutdown_cpp_1
    libshutdown.o(.ARM.Collect$$libshutdown$$00000000) refers (Special) to libshutdown2.o(.ARM.Collect$$libshutdown$$00000007) for __rt_lib_shutdown_fp_trap_1
    libshutdown.o(.ARM.Collect$$libshutdown$$00000000) refers (Special) to libshutdown2.o(.ARM.Collect$$libshutdown$$0000000F) for __rt_lib_shutdown_heap_1
    libshutdown.o(.ARM.Collect$$libshutdown$$00000000) refers (Special) to libshutdown2.o(.ARM.Collect$$libshutdown$$00000010) for __rt_lib_shutdown_return
    libshutdown.o(.ARM.Collect$$libshutdown$$00000000) refers (Special) to libshutdown2.o(.ARM.Collect$$libshutdown$$0000000A) for __rt_lib_shutdown_signal_1
    libshutdown.o(.ARM.Collect$$libshutdown$$00000000) refers (Special) to libshutdown2.o(.ARM.Collect$$libshutdown$$00000004) for __rt_lib_shutdown_stdio_1
    libshutdown.o(.ARM.Collect$$libshutdown$$00000000) refers (Special) to libshutdown2.o(.ARM.Collect$$libshutdown$$0000000C) for __rt_lib_shutdown_user_alloc_1
    sys_command.o(.text) refers (Special) to use_no_semi.o(.text) for __I$use$semihosting
    sys_command.o(.text) refers (Special) to indicate_semi.o(.text) for __semihosting_library_function
    sys_command_hlt.o(.text) refers (Special) to use_no_semi.o(.text) for __I$use$semihosting
    sys_command_hlt.o(.text) refers (Special) to indicate_semi.o(.text) for __semihosting_library_function
    defsig_abrt_inner.o(.text) refers to defsig_general.o(.text) for __default_signal_display
    defsig_rtred_inner.o(.text) refers to defsig_general.o(.text) for __default_signal_display
    defsig_rtmem_inner.o(.text) refers to defsig_general.o(.text) for __default_signal_display
    defsig_rtmem_outer.o(.text) refers to defsig_rtmem_inner.o(.text) for __rt_SIGRTMEM_inner
    defsig_rtmem_outer.o(.text) refers to defsig_exit.o(.text) for __sig_exit
    defsig_rtmem_formal.o(.text) refers to rt_raise.o(.text) for __rt_raise
    defsig_stak_inner.o(.text) refers to defsig_general.o(.text) for __default_signal_display
    defsig_pvfn_inner.o(.text) refers to defsig_general.o(.text) for __default_signal_display
    defsig_cppl_inner.o(.text) refers to defsig_general.o(.text) for __default_signal_display
    defsig_segv_inner.o(.text) refers to defsig_general.o(.text) for __default_signal_display
    defsig_other.o(.text) refers to defsig_general.o(.text) for __default_signal_display


==============================================================================

Removing Unused input sections from the image.

    Removing main.o(.text), (0 bytes).
    Removing main.o(.ARM.exidx.text.updateLEDs), (8 bytes).
    Removing main.o(.ARM.exidx.text.initLeds), (8 bytes).
    Removing main.o(.ARM.exidx.text.main), (8 bytes).
    Removing main.o(.ARM.use_no_argv), (4 bytes).
    Removing uart.o(.text), (0 bytes).
    Removing uart.o(.text.UART0_Transmit_String), (50 bytes).
    Removing uart.o(.ARM.exidx.text.UART0_Transmit_String), (8 bytes).
    Removing uart.o(.ARM.exidx.text.UART0_Transmit), (8 bytes).
    Removing uart.o(.text.UART0_Receive), (32 bytes).
    Removing uart.o(.ARM.exidx.text.UART0_Receive), (8 bytes).
    Removing uart.o(.ARM.exidx.text.UART0_Initialize), (8 bytes).
    Removing uart.o(.ARM.exidx.text.__NVIC_ClearPendingIRQ), (8 bytes).
    Removing uart.o(.ARM.exidx.text.__NVIC_EnableIRQ), (8 bytes).
    Removing uart.o(.ARM.exidx.text.UART0_IRQHandler), (8 bytes).
    Removing gpio.o(.text), (0 bytes).
    Removing gpio.o(.ARM.exidx.text.setPin), (8 bytes).
    Removing gpio.o(.ARM.exidx.text.digitalWrite), (8 bytes).
    Removing pit.o(.text), (0 bytes).
    Removing pit.o(.ARM.exidx.text.PIT_Init), (8 bytes).
    Removing pit.o(.ARM.exidx.text.__NVIC_ClearPendingIRQ), (8 bytes).
    Removing pit.o(.ARM.exidx.text.__NVIC_SetPriority), (8 bytes).
    Removing pit.o(.ARM.exidx.text.__NVIC_EnableIRQ), (8 bytes).
    Removing pit.o(.ARM.exidx.text.PIT_IRQHandler), (8 bytes).
    Removing pit.o(.bss.timer_value), (4 bytes).
    Removing adc.o(.text), (0 bytes).
    Removing adc.o(.ARM.exidx.text.ADC0_Init), (8 bytes).
    Removing adc.o(.ARM.exidx.text.ADC0_Calibrate), (8 bytes).
    Removing adc.o(.text.ADC0_Read), (64 bytes).
    Removing adc.o(.ARM.exidx.text.ADC0_Read), (8 bytes).
    Removing adc.o(.ARM.exidx.text.ADC0_IRQHandler), (8 bytes).
    Removing pwm.o(.text), (0 bytes).
    Removing pwm.o(.text.itoa), (246 bytes).
    Removing pwm.o(.ARM.exidx.text.itoa), (8 bytes).
    Removing pwm.o(.ARM.exidx.text.TPM2_Init), (8 bytes).
    Removing pwm.o(.ARM.exidx.text.Signal_Control), (8 bytes).
    Removing clock.o(.text), (0 bytes).
    Removing clock.o(.ARM.exidx.text.SystemClock_Configure), (8 bytes).
    Removing clock.o(.ARM.exidx.text.SystemClockTick_Configure), (8 bytes).
    Removing clock.o(.ARM.exidx.text.__NVIC_SetPriority), (8 bytes).
    Removing clock.o(.ARM.exidx.text.SysTick_Handler), (8 bytes).
    Removing system_mkl25z4.o(.text), (0 bytes).
    Removing system_mkl25z4.o(.ARM.exidx.text.SystemInit), (8 bytes).
    Removing system_mkl25z4.o(.text.SystemCoreClockUpdate), (556 bytes).
    Removing system_mkl25z4.o(.ARM.exidx.text.SystemCoreClockUpdate), (8 bytes).
    Removing system_mkl25z4.o(.data.SystemCoreClock), (4 bytes).

46 unused section(s) (total 1200 bytes) removed from the image.

==============================================================================

Image Symbol Table

    Local Symbols

    Symbol Name                              Value     Ov Type        Size  Object(Section)

    ../clib/angel/boardlib.s                 0x00000000   Number         0  boardinit1.o ABSOLUTE
    ../clib/angel/boardlib.s                 0x00000000   Number         0  boardinit2.o ABSOLUTE
    ../clib/angel/boardlib.s                 0x00000000   Number         0  boardinit3.o ABSOLUTE
    ../clib/angel/boardlib.s                 0x00000000   Number         0  boardshut.o ABSOLUTE
    ../clib/angel/handlers.s                 0x00000000   Number         0  __scatter_zi.o ABSOLUTE
    ../clib/angel/kernel.s                   0x00000000   Number         0  __rtentry.o ABSOLUTE
    ../clib/angel/kernel.s                   0x00000000   Number         0  __rtentry2.o ABSOLUTE
    ../clib/angel/kernel.s                   0x00000000   Number         0  __rtentry4.o ABSOLUTE
    ../clib/angel/kernel.s                   0x00000000   Number         0  rtexit.o ABSOLUTE
    ../clib/angel/kernel.s                   0x00000000   Number         0  rtexit2.o ABSOLUTE
    ../clib/angel/rt.s                       0x00000000   Number         0  aeabi_idiv0.o ABSOLUTE
    ../clib/angel/rt.s                       0x00000000   Number         0  aeabi_idiv0_sigfpe.o ABSOLUTE
    ../clib/angel/rt.s                       0x00000000   Number         0  rt_div0.o ABSOLUTE
    ../clib/angel/rt.s                       0x00000000   Number         0  rt_raise.o ABSOLUTE
    ../clib/angel/scatterp.s                 0x00000000   Number         0  __scatter.o ABSOLUTE
    ../clib/angel/startup.s                  0x00000000   Number         0  __main.o ABSOLUTE
    ../clib/angel/sys.s                      0x00000000   Number         0  sys_stackheap_outer.o ABSOLUTE
    ../clib/angel/sys.s                      0x00000000   Number         0  libspace.o ABSOLUTE
    ../clib/angel/sys.s                      0x00000000   Number         0  tempstk.o ABSOLUTE
    ../clib/angel/sys.s                      0x00000000   Number         0  use_no_semi.o ABSOLUTE
    ../clib/angel/sys.s                      0x00000000   Number         0  indicate_semi.o ABSOLUTE
    ../clib/angel/sysapp.c                   0x00000000   Number         0  sys_exit.o ABSOLUTE
    ../clib/angel/sysapp.c                   0x00000000   Number         0  sys_exit_hlt.o ABSOLUTE
    ../clib/angel/sysapp.c                   0x00000000   Number         0  sys_wrch.o ABSOLUTE
    ../clib/angel/sysapp.c                   0x00000000   Number         0  sys_wrch_hlt.o ABSOLUTE
    ../clib/angel/sysapp.c                   0x00000000   Number         0  sys_command.o ABSOLUTE
    ../clib/angel/sysapp.c                   0x00000000   Number         0  sys_command_hlt.o ABSOLUTE
    ../clib/armsys.c                         0x00000000   Number         0  argv_veneer.o ABSOLUTE
    ../clib/armsys.c                         0x00000000   Number         0  _get_argv_nomalloc.o ABSOLUTE
    ../clib/armsys.c                         0x00000000   Number         0  no_argv.o ABSOLUTE
    ../clib/division.s                       0x00000000   Number         0  aeabi_sdiv.o ABSOLUTE
    ../clib/division.s                       0x00000000   Number         0  aeabi_sdiv_div0.o ABSOLUTE
    ../clib/heapalloc.c                      0x00000000   Number         0  hrguard.o ABSOLUTE
    ../clib/heapaux.c                        0x00000000   Number         0  heapauxi.o ABSOLUTE
    ../clib/libinit.s                        0x00000000   Number         0  libinit.o ABSOLUTE
    ../clib/libinit.s                        0x00000000   Number         0  libinit2.o ABSOLUTE
    ../clib/libinit.s                        0x00000000   Number         0  libshutdown.o ABSOLUTE
    ../clib/libinit.s                        0x00000000   Number         0  libshutdown2.o ABSOLUTE
    ../clib/signal.c                         0x00000000   Number         0  defsig_fpe_outer.o ABSOLUTE
    ../clib/signal.c                         0x00000000   Number         0  defsig_fpe_formal.o ABSOLUTE
    ../clib/signal.c                         0x00000000   Number         0  defsig_exit.o ABSOLUTE
    ../clib/signal.c                         0x00000000   Number         0  defsig_fpe_inner.o ABSOLUTE
    ../clib/signal.c                         0x00000000   Number         0  __raise.o ABSOLUTE
    ../clib/signal.c                         0x00000000   Number         0  defsig_general.o ABSOLUTE
    ../clib/signal.c                         0x00000000   Number         0  defsig_abrt_inner.o ABSOLUTE
    ../clib/signal.c                         0x00000000   Number         0  defsig_rtred_inner.o ABSOLUTE
    ../clib/signal.c                         0x00000000   Number         0  defsig_rtmem_inner.o ABSOLUTE
    ../clib/signal.c                         0x00000000   Number         0  defsig_rtmem_outer.o ABSOLUTE
    ../clib/signal.c                         0x00000000   Number         0  defsig_rtmem_formal.o ABSOLUTE
    ../clib/signal.c                         0x00000000   Number         0  defsig_stak_inner.o ABSOLUTE
    ../clib/signal.c                         0x00000000   Number         0  defsig_pvfn_inner.o ABSOLUTE
    ../clib/signal.c                         0x00000000   Number         0  defsig_cppl_inner.o ABSOLUTE
    ../clib/signal.c                         0x00000000   Number         0  defsig_segv_inner.o ABSOLUTE
    ../clib/signal.c                         0x00000000   Number         0  defsig_other.o ABSOLUTE
    ../clib/signal.s                         0x00000000   Number         0  defsig.o ABSOLUTE
    ../clib/stdlib.c                         0x00000000   Number         0  exit.o ABSOLUTE
    ../fplib/cfplib/cmp.c                    0x00000000   Number         0  fcmp.o ABSOLUTE
    ../fplib/cfplib/cmpret.c                 0x00000000   Number         0  cmpret.o ABSOLUTE
    ../fplib/cfplib/d2f.c                    0x00000000   Number         0  d2f.o ABSOLUTE
    ../fplib/cfplib/dmul.c                   0x00000000   Number         0  dmul.o ABSOLUTE
    ../fplib/cfplib/fcmpin.c                 0x00000000   Number         0  fcmpin.o ABSOLUTE
    ../fplib/cfplib/fdiv.c                   0x00000000   Number         0  fdiv.o ABSOLUTE
    ../fplib/cfplib/ffix.c                   0x00000000   Number         0  ffixi.o ABSOLUTE
    ../fplib/cfplib/fflt.c                   0x00000000   Number         0  dflti.o ABSOLUTE
    ../fplib/cfplib/fpinit.c                 0x00000000   Number         0  fpinit.o ABSOLUTE
    ../fplib/cfplib/nan2.c                   0x00000000   Number         0  fnan2.o ABSOLUTE
    ../fplib/cfplib/retnan.c                 0x00000000   Number         0  retnan.o ABSOLUTE
    ../fplib/feqf6m.s                        0x00000000   Number         0  feqf.o ABSOLUTE
    ../fplib/fgeqf6m.s                       0x00000000   Number         0  fgef.o ABSOLUTE
    ../fplib/fleqf6m.s                       0x00000000   Number         0  flef.o ABSOLUTE
    ../fplib/fmul6m.s                        0x00000000   Number         0  fmul.o ABSOLUTE
    ../fplib/usenofp.s                       0x00000000   Number         0  usenofp.o ABSOLUTE
    RTE/Device/MKL25Z128xxx4/startup_MKL25Z4.s 0x00000000   Number         0  startup_mkl25z4.o ABSOLUTE
    adc.c                                    0x00000000   Number         0  adc.o ABSOLUTE
    clock.c                                  0x00000000   Number         0  clock.o ABSOLUTE
    dc.s                                     0x00000000   Number         0  dc.o ABSOLUTE
    gpio.c                                   0x00000000   Number         0  gpio.o ABSOLUTE
    main.c                                   0x00000000   Number         0  main.o ABSOLUTE
    pit.c                                    0x00000000   Number         0  pit.o ABSOLUTE
    pwm.c                                    0x00000000   Number         0  pwm.o ABSOLUTE
    system_MKL25Z4.c                         0x00000000   Number         0  system_mkl25z4.o ABSOLUTE
    uart.c                                   0x00000000   Number         0  uart.o ABSOLUTE
    RESET                                    0x00000000   Section      192  startup_mkl25z4.o(RESET)
    !!!main                                  0x000000c0   Section        8  __main.o(!!!main)
    !!!scatter                               0x000000c8   Section       60  __scatter.o(!!!scatter)
    !!handler_zi                             0x00000104   Section       28  __scatter_zi.o(!!handler_zi)
    .ARM.Collect$$libinit$$00000000          0x00000120   Section        2  libinit.o(.ARM.Collect$$libinit$$00000000)
    .ARM.Collect$$libinit$$00000002          0x00000122   Section        0  libinit2.o(.ARM.Collect$$libinit$$00000002)
    .ARM.Collect$$libinit$$00000004          0x00000122   Section        0  libinit2.o(.ARM.Collect$$libinit$$00000004)
    .ARM.Collect$$libinit$$00000006          0x00000122   Section        0  libinit2.o(.ARM.Collect$$libinit$$00000006)
    .ARM.Collect$$libinit$$0000000C          0x00000122   Section        0  libinit2.o(.ARM.Collect$$libinit$$0000000C)
    .ARM.Collect$$libinit$$0000000E          0x00000122   Section        0  libinit2.o(.ARM.Collect$$libinit$$0000000E)
    .ARM.Collect$$libinit$$00000010          0x00000122   Section        0  libinit2.o(.ARM.Collect$$libinit$$00000010)
    .ARM.Collect$$libinit$$00000013          0x00000122   Section        0  libinit2.o(.ARM.Collect$$libinit$$00000013)
    .ARM.Collect$$libinit$$00000015          0x00000122   Section        0  libinit2.o(.ARM.Collect$$libinit$$00000015)
    .ARM.Collect$$libinit$$00000017          0x00000122   Section        0  libinit2.o(.ARM.Collect$$libinit$$00000017)
    .ARM.Collect$$libinit$$00000019          0x00000122   Section        0  libinit2.o(.ARM.Collect$$libinit$$00000019)
    .ARM.Collect$$libinit$$0000001B          0x00000122   Section        0  libinit2.o(.ARM.Collect$$libinit$$0000001B)
    .ARM.Collect$$libinit$$0000001D          0x00000122   Section        0  libinit2.o(.ARM.Collect$$libinit$$0000001D)
    .ARM.Collect$$libinit$$0000001F          0x00000122   Section        0  libinit2.o(.ARM.Collect$$libinit$$0000001F)
    .ARM.Collect$$libinit$$00000021          0x00000122   Section        0  libinit2.o(.ARM.Collect$$libinit$$00000021)
    .ARM.Collect$$libinit$$00000023          0x00000122   Section        0  libinit2.o(.ARM.Collect$$libinit$$00000023)
    .ARM.Collect$$libinit$$00000025          0x00000122   Section        0  libinit2.o(.ARM.Collect$$libinit$$00000025)
    .ARM.Collect$$libinit$$00000027          0x00000122   Section        0  libinit2.o(.ARM.Collect$$libinit$$00000027)
    .ARM.Collect$$libinit$$0000002E          0x00000122   Section        0  libinit2.o(.ARM.Collect$$libinit$$0000002E)
    .ARM.Collect$$libinit$$00000030          0x00000122   Section        0  libinit2.o(.ARM.Collect$$libinit$$00000030)
    .ARM.Collect$$libinit$$00000032          0x00000122   Section        0  libinit2.o(.ARM.Collect$$libinit$$00000032)
    .ARM.Collect$$libinit$$00000034          0x00000122   Section        0  libinit2.o(.ARM.Collect$$libinit$$00000034)
    .ARM.Collect$$libinit$$00000035          0x00000122   Section        2  libinit2.o(.ARM.Collect$$libinit$$00000035)
    .ARM.Collect$$libshutdown$$00000000      0x00000124   Section        2  libshutdown.o(.ARM.Collect$$libshutdown$$00000000)
    .ARM.Collect$$libshutdown$$00000002      0x00000126   Section        0  libshutdown2.o(.ARM.Collect$$libshutdown$$00000002)
    .ARM.Collect$$libshutdown$$00000004      0x00000126   Section        0  libshutdown2.o(.ARM.Collect$$libshutdown$$00000004)
    .ARM.Collect$$libshutdown$$00000007      0x00000126   Section        0  libshutdown2.o(.ARM.Collect$$libshutdown$$00000007)
    .ARM.Collect$$libshutdown$$0000000A      0x00000126   Section        0  libshutdown2.o(.ARM.Collect$$libshutdown$$0000000A)
    .ARM.Collect$$libshutdown$$0000000C      0x00000126   Section        0  libshutdown2.o(.ARM.Collect$$libshutdown$$0000000C)
    .ARM.Collect$$libshutdown$$0000000F      0x00000126   Section        0  libshutdown2.o(.ARM.Collect$$libshutdown$$0000000F)
    .ARM.Collect$$libshutdown$$00000010      0x00000126   Section        2  libshutdown2.o(.ARM.Collect$$libshutdown$$00000010)
    .ARM.Collect$$rtentry$$00000000          0x00000128   Section        0  __rtentry.o(.ARM.Collect$$rtentry$$00000000)
    .ARM.Collect$$rtentry$$00000002          0x00000128   Section        0  __rtentry2.o(.ARM.Collect$$rtentry$$00000002)
    .ARM.Collect$$rtentry$$00000004          0x00000128   Section        6  __rtentry4.o(.ARM.Collect$$rtentry$$00000004)
    .ARM.Collect$$rtentry$$00000009          0x0000012e   Section        0  __rtentry2.o(.ARM.Collect$$rtentry$$00000009)
    .ARM.Collect$$rtentry$$0000000A          0x0000012e   Section        4  __rtentry2.o(.ARM.Collect$$rtentry$$0000000A)
    .ARM.Collect$$rtentry$$0000000C          0x00000132   Section        0  __rtentry2.o(.ARM.Collect$$rtentry$$0000000C)
    .ARM.Collect$$rtentry$$0000000D          0x00000132   Section        8  __rtentry2.o(.ARM.Collect$$rtentry$$0000000D)
    .ARM.Collect$$rtexit$$00000000           0x0000013a   Section        2  rtexit.o(.ARM.Collect$$rtexit$$00000000)
    .ARM.Collect$$rtexit$$00000002           0x0000013c   Section        0  rtexit2.o(.ARM.Collect$$rtexit$$00000002)
    .ARM.Collect$$rtexit$$00000003           0x0000013c   Section        4  rtexit2.o(.ARM.Collect$$rtexit$$00000003)
    .ARM.Collect$$rtexit$$00000004           0x00000140   Section        6  rtexit2.o(.ARM.Collect$$rtexit$$00000004)
    .text                                    0x00000148   Section       64  startup_mkl25z4.o(.text)
    .text                                    0x00000188   Section      364  aeabi_sdiv.o(.text)
    .text                                    0x000002f4   Section        0  heapauxi.o(.text)
    .text                                    0x000002fc   Section        0  d2f.o(.text)
    .text                                    0x00000378   Section        0  dflti.o(.text)
    .text                                    0x000003d0   Section        0  exit.o(.text)
    .text                                    0x000003e0   Section        0  fnan2.o(.text)
    .text                                    0x000003f0   Section        8  libspace.o(.text)
    .text                                    0x000003f8   Section        2  use_no_semi.o(.text)
    .text                                    0x000003fa   Section        0  indicate_semi.o(.text)
    x$fpl$usenofp                            0x000003fa   Section        0  usenofp.o(x$fpl$usenofp)
    .ARM.__at_0x400                          0x00000400   Section       16  startup_mkl25z4.o(.ARM.__at_0x400)
    .text                                    0x00000410   Section        0  dmul.o(.text)
    .text                                    0x00000658   Section        0  fdiv.o(.text)
    .text                                    0x000007b8   Section        0  ffixi.o(.text)
    .text                                    0x00000804   Section        0  fcmpin.o(.text)
    .text                                    0x00000868   Section       62  sys_stackheap_outer.o(.text)
    .text                                    0x000008a6   Section        0  cmpret.o(.text)
    .text                                    0x000008d4   Section        0  retnan.o(.text)
    .text                                    0x00000934   Section        0  sys_exit.o(.text)
    [Anonymous Symbol]                       0x00000940   Section        0  adc.o(.text.ADC0_Calibrate)
    __arm_cp.1_1                             0x00000a4c   Number         4  adc.o(.text.ADC0_Calibrate)
    __arm_cp.1_4                             0x00000a50   Number         4  adc.o(.text.ADC0_Calibrate)
    __arm_cp.1_5                             0x00000a54   Number         4  adc.o(.text.ADC0_Calibrate)
    __arm_cp.1_6                             0x00000a58   Number         4  adc.o(.text.ADC0_Calibrate)
    __arm_cp.1_7                             0x00000a5c   Number         4  adc.o(.text.ADC0_Calibrate)
    __arm_cp.1_8                             0x00000a60   Number         4  adc.o(.text.ADC0_Calibrate)
    __arm_cp.1_9                             0x00000a64   Number         4  adc.o(.text.ADC0_Calibrate)
    __arm_cp.1_10                            0x00000a68   Number         4  adc.o(.text.ADC0_Calibrate)
    __arm_cp.1_11                            0x00000a6c   Number         4  adc.o(.text.ADC0_Calibrate)
    __arm_cp.1_12                            0x00000a70   Number         4  adc.o(.text.ADC0_Calibrate)
    __arm_cp.1_13                            0x00000a74   Number         4  adc.o(.text.ADC0_Calibrate)
    __arm_cp.1_14                            0x00000a78   Number         4  adc.o(.text.ADC0_Calibrate)
    __arm_cp.1_15                            0x00000a7c   Number         4  adc.o(.text.ADC0_Calibrate)
    __arm_cp.1_16                            0x00000a80   Number         4  adc.o(.text.ADC0_Calibrate)
    __arm_cp.1_17                            0x00000a84   Number         4  adc.o(.text.ADC0_Calibrate)
    [Anonymous Symbol]                       0x00000a88   Section        0  adc.o(.text.ADC0_IRQHandler)
    __arm_cp.3_0                             0x00000b58   Number         4  adc.o(.text.ADC0_IRQHandler)
    __arm_cp.3_1                             0x00000b5c   Number         4  adc.o(.text.ADC0_IRQHandler)
    __arm_cp.3_2                             0x00000b60   Number         4  adc.o(.text.ADC0_IRQHandler)
    __arm_cp.3_3                             0x00000b64   Number         4  adc.o(.text.ADC0_IRQHandler)
    __arm_cp.3_4                             0x00000b68   Number         4  adc.o(.text.ADC0_IRQHandler)
    __arm_cp.3_5                             0x00000b6c   Number         4  adc.o(.text.ADC0_IRQHandler)
    __arm_cp.3_6                             0x00000b70   Number         4  adc.o(.text.ADC0_IRQHandler)
    [Anonymous Symbol]                       0x00000b74   Section        0  adc.o(.text.ADC0_Init)
    __arm_cp.0_1                             0x00000bb8   Number         4  adc.o(.text.ADC0_Init)
    __arm_cp.0_2                             0x00000bbc   Number         4  adc.o(.text.ADC0_Init)
    __arm_cp.0_3                             0x00000bc0   Number         4  adc.o(.text.ADC0_Init)
    [Anonymous Symbol]                       0x00000bc4   Section        0  pit.o(.text.PIT_IRQHandler)
    __arm_cp.4_0                             0x00000c2c   Number         4  pit.o(.text.PIT_IRQHandler)
    __arm_cp.4_2                             0x00000c30   Number         4  pit.o(.text.PIT_IRQHandler)
    __arm_cp.4_3                             0x00000c34   Number         4  pit.o(.text.PIT_IRQHandler)
    [Anonymous Symbol]                       0x00000c38   Section        0  pit.o(.text.PIT_Init)
    __arm_cp.0_1                             0x00000ca0   Number         4  pit.o(.text.PIT_Init)
    __arm_cp.0_2                             0x00000ca4   Number         4  pit.o(.text.PIT_Init)
    __arm_cp.0_3                             0x00000ca8   Number         4  pit.o(.text.PIT_Init)
    __arm_cp.0_4                             0x00000cac   Number         4  pit.o(.text.PIT_Init)
    __arm_cp.0_5                             0x00000cb0   Number         4  pit.o(.text.PIT_Init)
    __arm_cp.0_6                             0x00000cb4   Number         4  pit.o(.text.PIT_Init)
    __arm_cp.0_7                             0x00000cb8   Number         4  pit.o(.text.PIT_Init)
    [Anonymous Symbol]                       0x00000cbc   Section        0  pwm.o(.text.Signal_Control)
    __arm_cp.2_0                             0x00000cdc   Number         4  pwm.o(.text.Signal_Control)
    __arm_cp.2_1                             0x00000ce0   Number         4  pwm.o(.text.Signal_Control)
    __arm_cp.2_2                             0x00000ce4   Number         4  pwm.o(.text.Signal_Control)
    __arm_cp.2_3                             0x00000ce8   Number         4  pwm.o(.text.Signal_Control)
    __arm_cp.2_4                             0x00000cec   Number         4  pwm.o(.text.Signal_Control)
    [Anonymous Symbol]                       0x00000cf0   Section        0  clock.o(.text.SysTick_Handler)
    __arm_cp.3_0                             0x00000d90   Number         4  clock.o(.text.SysTick_Handler)
    __arm_cp.3_1                             0x00000d94   Number         4  clock.o(.text.SysTick_Handler)
    __arm_cp.3_2                             0x00000d98   Number         4  clock.o(.text.SysTick_Handler)
    __arm_cp.3_3                             0x00000d9c   Number         4  clock.o(.text.SysTick_Handler)
    __arm_cp.3_4                             0x00000da0   Number         4  clock.o(.text.SysTick_Handler)
    __arm_cp.3_5                             0x00000da4   Number         4  clock.o(.text.SysTick_Handler)
    __arm_cp.3_6                             0x00000da8   Number         4  clock.o(.text.SysTick_Handler)
    __arm_cp.3_7                             0x00000dac   Number         4  clock.o(.text.SysTick_Handler)
    __arm_cp.3_8                             0x00000db0   Number         4  clock.o(.text.SysTick_Handler)
    __arm_cp.3_9                             0x00000db4   Number         4  clock.o(.text.SysTick_Handler)
    [Anonymous Symbol]                       0x00000db8   Section        0  clock.o(.text.SystemClockTick_Configure)
    __arm_cp.1_0                             0x00000de4   Number         4  clock.o(.text.SystemClockTick_Configure)
    __arm_cp.1_1                             0x00000de8   Number         4  clock.o(.text.SystemClockTick_Configure)
    __arm_cp.1_2                             0x00000dec   Number         4  clock.o(.text.SystemClockTick_Configure)
    __arm_cp.1_3                             0x00000df0   Number         4  clock.o(.text.SystemClockTick_Configure)
    [Anonymous Symbol]                       0x00000df4   Section        0  clock.o(.text.SystemClock_Configure)
    __arm_cp.0_0                             0x00000e18   Number         4  clock.o(.text.SystemClock_Configure)
    __arm_cp.0_1                             0x00000e1c   Number         4  clock.o(.text.SystemClock_Configure)
    [Anonymous Symbol]                       0x00000e20   Section        0  system_mkl25z4.o(.text.SystemInit)
    __arm_cp.0_0                             0x00000e28   Number         4  system_mkl25z4.o(.text.SystemInit)
    [Anonymous Symbol]                       0x00000e2c   Section        0  pwm.o(.text.TPM2_Init)
    __arm_cp.1_1                             0x00000e7c   Number         4  pwm.o(.text.TPM2_Init)
    __arm_cp.1_3                             0x00000e80   Number         4  pwm.o(.text.TPM2_Init)
    __arm_cp.1_4                             0x00000e84   Number         4  pwm.o(.text.TPM2_Init)
    __arm_cp.1_5                             0x00000e88   Number         4  pwm.o(.text.TPM2_Init)
    [Anonymous Symbol]                       0x00000e8c   Section        0  uart.o(.text.UART0_IRQHandler)
    __arm_cp.6_2                             0x00000efc   Number         4  uart.o(.text.UART0_IRQHandler)
    __arm_cp.6_3                             0x00000f00   Number         4  uart.o(.text.UART0_IRQHandler)
    __arm_cp.6_4                             0x00000f04   Number         4  uart.o(.text.UART0_IRQHandler)
    __arm_cp.6_5                             0x00000f08   Number         4  uart.o(.text.UART0_IRQHandler)
    [Anonymous Symbol]                       0x00000f0c   Section        0  uart.o(.text.UART0_Initialize)
    __arm_cp.3_0                             0x00000fcc   Number         4  uart.o(.text.UART0_Initialize)
    __arm_cp.3_1                             0x00000fd0   Number         4  uart.o(.text.UART0_Initialize)
    __arm_cp.3_2                             0x00000fd4   Number         4  uart.o(.text.UART0_Initialize)
    __arm_cp.3_3                             0x00000fd8   Number         4  uart.o(.text.UART0_Initialize)
    __arm_cp.3_4                             0x00000fdc   Number         4  uart.o(.text.UART0_Initialize)
    __arm_cp.3_5                             0x00000fe0   Number         4  uart.o(.text.UART0_Initialize)
    __arm_cp.3_6                             0x00000fe4   Number         4  uart.o(.text.UART0_Initialize)
    __arm_cp.3_7                             0x00000fe8   Number         4  uart.o(.text.UART0_Initialize)
    __arm_cp.3_8                             0x00000fec   Number         4  uart.o(.text.UART0_Initialize)
    __arm_cp.3_9                             0x00000ff0   Number         4  uart.o(.text.UART0_Initialize)
    __arm_cp.3_10                            0x00000ff4   Number         4  uart.o(.text.UART0_Initialize)
    __arm_cp.3_11                            0x00000ff8   Number         4  uart.o(.text.UART0_Initialize)
    __arm_cp.3_12                            0x00000ffc   Number         4  uart.o(.text.UART0_Initialize)
    __arm_cp.3_13                            0x00001000   Number         4  uart.o(.text.UART0_Initialize)
    [Anonymous Symbol]                       0x00001004   Section        0  uart.o(.text.UART0_Transmit)
    __arm_cp.1_0                             0x00001024   Number         4  uart.o(.text.UART0_Transmit)
    __arm_cp.1_1                             0x00001028   Number         4  uart.o(.text.UART0_Transmit)
    __NVIC_ClearPendingIRQ                   0x0000102d   Thumb Code    40  uart.o(.text.__NVIC_ClearPendingIRQ)
    [Anonymous Symbol]                       0x0000102c   Section        0  uart.o(.text.__NVIC_ClearPendingIRQ)
    __NVIC_ClearPendingIRQ                   0x00001055   Thumb Code    40  pit.o(.text.__NVIC_ClearPendingIRQ)
    [Anonymous Symbol]                       0x00001054   Section        0  pit.o(.text.__NVIC_ClearPendingIRQ)
    __arm_cp.1_0                             0x0000107c   Number         4  pit.o(.text.__NVIC_ClearPendingIRQ)
    __NVIC_EnableIRQ                         0x00001081   Thumb Code    40  uart.o(.text.__NVIC_EnableIRQ)
    [Anonymous Symbol]                       0x00001080   Section        0  uart.o(.text.__NVIC_EnableIRQ)
    __NVIC_EnableIRQ                         0x000010a9   Thumb Code    40  pit.o(.text.__NVIC_EnableIRQ)
    [Anonymous Symbol]                       0x000010a8   Section        0  pit.o(.text.__NVIC_EnableIRQ)
    __arm_cp.3_0                             0x000010d0   Number         4  pit.o(.text.__NVIC_EnableIRQ)
    __NVIC_SetPriority                       0x000010d5   Thumb Code   124  pit.o(.text.__NVIC_SetPriority)
    [Anonymous Symbol]                       0x000010d4   Section        0  pit.o(.text.__NVIC_SetPriority)
    __NVIC_SetPriority                       0x00001151   Thumb Code   124  clock.o(.text.__NVIC_SetPriority)
    [Anonymous Symbol]                       0x00001150   Section        0  clock.o(.text.__NVIC_SetPriority)
    __arm_cp.2_0                             0x000011cc   Number         4  clock.o(.text.__NVIC_SetPriority)
    __arm_cp.2_1                             0x000011d0   Number         4  clock.o(.text.__NVIC_SetPriority)
    [Anonymous Symbol]                       0x000011d4   Section        0  gpio.o(.text.digitalWrite)
    __arm_cp.1_0                             0x000012ac   Number         4  gpio.o(.text.digitalWrite)
    __arm_cp.1_1                             0x000012b0   Number         4  gpio.o(.text.digitalWrite)
    __arm_cp.1_2                             0x000012b4   Number         4  gpio.o(.text.digitalWrite)
    __arm_cp.1_3                             0x000012b8   Number         4  gpio.o(.text.digitalWrite)
    __arm_cp.1_4                             0x000012bc   Number         4  gpio.o(.text.digitalWrite)
    __arm_cp.1_5                             0x000012c0   Number         4  gpio.o(.text.digitalWrite)
    __arm_cp.1_6                             0x000012c4   Number         4  gpio.o(.text.digitalWrite)
    __arm_cp.1_7                             0x000012c8   Number         4  gpio.o(.text.digitalWrite)
    [Anonymous Symbol]                       0x000012cc   Section        0  main.o(.text.initLeds)
    __arm_cp.1_0                             0x0000135c   Number         4  main.o(.text.initLeds)
    __arm_cp.1_1                             0x00001360   Number         4  main.o(.text.initLeds)
    __arm_cp.1_2                             0x00001364   Number         4  main.o(.text.initLeds)
    __arm_cp.1_3                             0x00001368   Number         4  main.o(.text.initLeds)
    __arm_cp.1_4                             0x0000136c   Number         4  main.o(.text.initLeds)
    [Anonymous Symbol]                       0x00001370   Section        0  main.o(.text.main)
    __arm_cp.2_0                             0x00001408   Number         4  main.o(.text.main)
    __arm_cp.2_1                             0x0000140c   Number         4  main.o(.text.main)
    __arm_cp.2_2                             0x00001410   Number         4  main.o(.text.main)
    __arm_cp.2_3                             0x00001414   Number         4  main.o(.text.main)
    [Anonymous Symbol]                       0x00001418   Section        0  gpio.o(.text.setPin)
    __arm_cp.0_0                             0x000014b8   Number         4  gpio.o(.text.setPin)
    __arm_cp.0_1                             0x000014bc   Number         4  gpio.o(.text.setPin)
    __arm_cp.0_2                             0x000014c0   Number         4  gpio.o(.text.setPin)
    __arm_cp.0_3                             0x000014c4   Number         4  gpio.o(.text.setPin)
    [Anonymous Symbol]                       0x000014c8   Section        0  main.o(.text.updateLEDs)
    __arm_cp.0_0                             0x000015a0   Number         4  main.o(.text.updateLEDs)
    i._fleq                                  0x000015a4   Section        0  fcmp.o(i._fleq)
    x$fpl$fleqf                              0x000015c0   Section       84  flef.o(x$fpl$fleqf)
    x$fpl$fmul                               0x00001614   Section      176  fmul.o(x$fpl$fmul)
    fdiv_tab                                 0x000016c4   Data          64  fdiv.o(.constdata)
    .constdata                               0x000016c4   Section       64  fdiv.o(.constdata)
    .bss                                     0x1ffff000   Section       96  libspace.o(.bss)
    Signal_Control.duty_cycle                0x1ffff060   Data           1  pwm.o(.bss.Signal_Control.duty_cycle)
    [Anonymous Symbol]                       0x1ffff060   Section        0  pwm.o(.bss.Signal_Control.duty_cycle)
    Heap_Mem                                 0x1ffff088   Data           0  startup_mkl25z4.o(HEAP)
    Stack_Mem                                0x1ffff088   Data         256  startup_mkl25z4.o(STACK)
    HEAP                                     0x1ffff088   Section        0  startup_mkl25z4.o(HEAP)
    STACK                                    0x1ffff088   Section      256  startup_mkl25z4.o(STACK)
    __initial_sp                             0x1ffff188   Data           0  startup_mkl25z4.o(STACK)

    Global Symbols

    Symbol Name                              Value     Ov Type        Size  Object(Section)

    BuildAttributes$$THM_ISAv3M$S$PE$A:L22$X:L11$S22$IEEE1$IW$~IW$USESV6$~STKCKD$USESV7$~SHL$OSPACE$ROPI$EBA8$UX$STANDARDLIB$REQ8$PRES8$EABIv2 0x00000000   Number         0  anon$$obj.o ABSOLUTE
    __Vectors                                0x00000000   Data           4  startup_mkl25z4.o(RESET)
    __ARM_exceptions_init                     - Undefined Weak Reference
    __alloca_initialize                       - Undefined Weak Reference
    __arm_preinit_                            - Undefined Weak Reference
    __arm_relocate_pie_                       - Undefined Weak Reference
    __cpp_initialize__aeabi_                  - Undefined Weak Reference
    __cxa_finalize                            - Undefined Weak Reference
    __rt_locale                               - Undefined Weak Reference
    __sigvec_lookup                           - Undefined Weak Reference
    _atexit_init                              - Undefined Weak Reference
    _call_atexit_fns                          - Undefined Weak Reference
    _clock_init                               - Undefined Weak Reference
    _fp_trap_init                             - Undefined Weak Reference
    _fp_trap_shutdown                         - Undefined Weak Reference
    _get_lc_collate                           - Undefined Weak Reference
    _get_lc_ctype                             - Undefined Weak Reference
    _get_lc_monetary                          - Undefined Weak Reference
    _get_lc_numeric                           - Undefined Weak Reference
    _get_lc_time                              - Undefined Weak Reference
    _getenv_init                              - Undefined Weak Reference
    _handle_redirection                       - Undefined Weak Reference
    _init_alloc                               - Undefined Weak Reference
    _init_user_alloc                          - Undefined Weak Reference
    _initio                                   - Undefined Weak Reference
    _rand_init                                - Undefined Weak Reference
    _signal_finish                            - Undefined Weak Reference
    _signal_init                              - Undefined Weak Reference
    _terminate_alloc                          - Undefined Weak Reference
    _terminate_user_alloc                     - Undefined Weak Reference
    _terminateio                              - Undefined Weak Reference
    __Vectors_End                            0x000000c0   Data           0  startup_mkl25z4.o(RESET)
    __Vectors_Size                           0x000000c0   Number         0  startup_mkl25z4.o ABSOLUTE
    __main                                   0x000000c1   Thumb Code     8  __main.o(!!!main)
    __scatterload                            0x000000c9   Thumb Code     0  __scatter.o(!!!scatter)
    __scatterload_rt2                        0x000000c9   Thumb Code    52  __scatter.o(!!!scatter)
    __scatterload_rt2_thumb_only             0x000000c9   Thumb Code     0  __scatter.o(!!!scatter)
    __scatterload_null                       0x000000d9   Thumb Code     0  __scatter.o(!!!scatter)
    __scatterload_zeroinit                   0x00000105   Thumb Code    28  __scatter_zi.o(!!handler_zi)
    __rt_lib_init                            0x00000121   Thumb Code     0  libinit.o(.ARM.Collect$$libinit$$00000000)
    __rt_lib_init_alloca_1                   0x00000123   Thumb Code     0  libinit2.o(.ARM.Collect$$libinit$$00000030)
    __rt_lib_init_argv_1                     0x00000123   Thumb Code     0  libinit2.o(.ARM.Collect$$libinit$$0000002E)
    __rt_lib_init_atexit_1                   0x00000123   Thumb Code     0  libinit2.o(.ARM.Collect$$libinit$$0000001D)
    __rt_lib_init_clock_1                    0x00000123   Thumb Code     0  libinit2.o(.ARM.Collect$$libinit$$00000023)
    __rt_lib_init_cpp_1                      0x00000123   Thumb Code     0  libinit2.o(.ARM.Collect$$libinit$$00000034)
    __rt_lib_init_exceptions_1               0x00000123   Thumb Code     0  libinit2.o(.ARM.Collect$$libinit$$00000032)
    __rt_lib_init_fp_1                       0x00000123   Thumb Code     0  libinit2.o(.ARM.Collect$$libinit$$00000002)
    __rt_lib_init_fp_trap_1                  0x00000123   Thumb Code     0  libinit2.o(.ARM.Collect$$libinit$$00000021)
    __rt_lib_init_getenv_1                   0x00000123   Thumb Code     0  libinit2.o(.ARM.Collect$$libinit$$00000025)
    __rt_lib_init_heap_1                     0x00000123   Thumb Code     0  libinit2.o(.ARM.Collect$$libinit$$0000000C)
    __rt_lib_init_lc_collate_1               0x00000123   Thumb Code     0  libinit2.o(.ARM.Collect$$libinit$$00000013)
    __rt_lib_init_lc_ctype_1                 0x00000123   Thumb Code     0  libinit2.o(.ARM.Collect$$libinit$$00000015)
    __rt_lib_init_lc_monetary_1              0x00000123   Thumb Code     0  libinit2.o(.ARM.Collect$$libinit$$00000017)
    __rt_lib_init_lc_numeric_1               0x00000123   Thumb Code     0  libinit2.o(.ARM.Collect$$libinit$$00000019)
    __rt_lib_init_lc_time_1                  0x00000123   Thumb Code     0  libinit2.o(.ARM.Collect$$libinit$$0000001B)
    __rt_lib_init_preinit_1                  0x00000123   Thumb Code     0  libinit2.o(.ARM.Collect$$libinit$$00000006)
    __rt_lib_init_rand_1                     0x00000123   Thumb Code     0  libinit2.o(.ARM.Collect$$libinit$$00000010)
    __rt_lib_init_relocate_pie_1             0x00000123   Thumb Code     0  libinit2.o(.ARM.Collect$$libinit$$00000004)
    __rt_lib_init_return                     0x00000123   Thumb Code     0  libinit2.o(.ARM.Collect$$libinit$$00000035)
    __rt_lib_init_signal_1                   0x00000123   Thumb Code     0  libinit2.o(.ARM.Collect$$libinit$$0000001F)
    __rt_lib_init_stdio_1                    0x00000123   Thumb Code     0  libinit2.o(.ARM.Collect$$libinit$$00000027)
    __rt_lib_init_user_alloc_1               0x00000123   Thumb Code     0  libinit2.o(.ARM.Collect$$libinit$$0000000E)
    __rt_lib_shutdown                        0x00000125   Thumb Code     0  libshutdown.o(.ARM.Collect$$libshutdown$$00000000)
    __rt_lib_shutdown_cpp_1                  0x00000127   Thumb Code     0  libshutdown2.o(.ARM.Collect$$libshutdown$$00000002)
    __rt_lib_shutdown_fp_trap_1              0x00000127   Thumb Code     0  libshutdown2.o(.ARM.Collect$$libshutdown$$00000007)
    __rt_lib_shutdown_heap_1                 0x00000127   Thumb Code     0  libshutdown2.o(.ARM.Collect$$libshutdown$$0000000F)
    __rt_lib_shutdown_return                 0x00000127   Thumb Code     0  libshutdown2.o(.ARM.Collect$$libshutdown$$00000010)
    __rt_lib_shutdown_signal_1               0x00000127   Thumb Code     0  libshutdown2.o(.ARM.Collect$$libshutdown$$0000000A)
    __rt_lib_shutdown_stdio_1                0x00000127   Thumb Code     0  libshutdown2.o(.ARM.Collect$$libshutdown$$00000004)
    __rt_lib_shutdown_user_alloc_1           0x00000127   Thumb Code     0  libshutdown2.o(.ARM.Collect$$libshutdown$$0000000C)
    __rt_entry                               0x00000129   Thumb Code     0  __rtentry.o(.ARM.Collect$$rtentry$$00000000)
    __rt_entry_presh_1                       0x00000129   Thumb Code     0  __rtentry2.o(.ARM.Collect$$rtentry$$00000002)
    __rt_entry_sh                            0x00000129   Thumb Code     0  __rtentry4.o(.ARM.Collect$$rtentry$$00000004)
    __rt_entry_li                            0x0000012f   Thumb Code     0  __rtentry2.o(.ARM.Collect$$rtentry$$0000000A)
    __rt_entry_postsh_1                      0x0000012f   Thumb Code     0  __rtentry2.o(.ARM.Collect$$rtentry$$00000009)
    __rt_entry_main                          0x00000133   Thumb Code     0  __rtentry2.o(.ARM.Collect$$rtentry$$0000000D)
    __rt_entry_postli_1                      0x00000133   Thumb Code     0  __rtentry2.o(.ARM.Collect$$rtentry$$0000000C)
    __rt_exit                                0x0000013b   Thumb Code     0  rtexit.o(.ARM.Collect$$rtexit$$00000000)
    __rt_exit_ls                             0x0000013d   Thumb Code     0  rtexit2.o(.ARM.Collect$$rtexit$$00000003)
    __rt_exit_prels_1                        0x0000013d   Thumb Code     0  rtexit2.o(.ARM.Collect$$rtexit$$00000002)
    __rt_exit_exit                           0x00000141   Thumb Code     0  rtexit2.o(.ARM.Collect$$rtexit$$00000004)
    Reset_Handler                            0x00000149   Thumb Code    12  startup_mkl25z4.o(.text)
    NMI_Handler                              0x00000155   Thumb Code     2  startup_mkl25z4.o(.text)
    HardFault_Handler                        0x00000157   Thumb Code     2  startup_mkl25z4.o(.text)
    SVC_Handler                              0x00000159   Thumb Code     2  startup_mkl25z4.o(.text)
    PendSV_Handler                           0x0000015b   Thumb Code     2  startup_mkl25z4.o(.text)
    CMP0_IRQHandler                          0x0000015f   Thumb Code     0  startup_mkl25z4.o(.text)
    DAC0_IRQHandler                          0x0000015f   Thumb Code     0  startup_mkl25z4.o(.text)
    DMA0_IRQHandler                          0x0000015f   Thumb Code     0  startup_mkl25z4.o(.text)
    DMA1_IRQHandler                          0x0000015f   Thumb Code     0  startup_mkl25z4.o(.text)
    DMA2_IRQHandler                          0x0000015f   Thumb Code     0  startup_mkl25z4.o(.text)
    DMA3_IRQHandler                          0x0000015f   Thumb Code     0  startup_mkl25z4.o(.text)
    DefaultISR                               0x0000015f   Thumb Code     0  startup_mkl25z4.o(.text)
    FTFA_IRQHandler                          0x0000015f   Thumb Code     0  startup_mkl25z4.o(.text)
    I2C0_IRQHandler                          0x0000015f   Thumb Code     0  startup_mkl25z4.o(.text)
    I2C1_IRQHandler                          0x0000015f   Thumb Code     0  startup_mkl25z4.o(.text)
    LLWU_IRQHandler                          0x0000015f   Thumb Code     0  startup_mkl25z4.o(.text)
    LPTMR0_IRQHandler                        0x0000015f   Thumb Code     0  startup_mkl25z4.o(.text)
    LVD_LVW_IRQHandler                       0x0000015f   Thumb Code     0  startup_mkl25z4.o(.text)
    MCG_IRQHandler                           0x0000015f   Thumb Code     0  startup_mkl25z4.o(.text)
    PORTA_IRQHandler                         0x0000015f   Thumb Code     0  startup_mkl25z4.o(.text)
    PORTD_IRQHandler                         0x0000015f   Thumb Code     0  startup_mkl25z4.o(.text)
    RTC_IRQHandler                           0x0000015f   Thumb Code     0  startup_mkl25z4.o(.text)
    RTC_Seconds_IRQHandler                   0x0000015f   Thumb Code     0  startup_mkl25z4.o(.text)
    Reserved20_IRQHandler                    0x0000015f   Thumb Code     0  startup_mkl25z4.o(.text)
    Reserved39_IRQHandler                    0x0000015f   Thumb Code     0  startup_mkl25z4.o(.text)
    Reserved45_IRQHandler                    0x0000015f   Thumb Code     0  startup_mkl25z4.o(.text)
    SPI0_IRQHandler                          0x0000015f   Thumb Code     0  startup_mkl25z4.o(.text)
    SPI1_IRQHandler                          0x0000015f   Thumb Code     0  startup_mkl25z4.o(.text)
    TPM0_IRQHandler                          0x0000015f   Thumb Code     0  startup_mkl25z4.o(.text)
    TPM1_IRQHandler                          0x0000015f   Thumb Code     0  startup_mkl25z4.o(.text)
    TPM2_IRQHandler                          0x0000015f   Thumb Code     0  startup_mkl25z4.o(.text)
    TSI0_IRQHandler                          0x0000015f   Thumb Code     0  startup_mkl25z4.o(.text)
    UART1_IRQHandler                         0x0000015f   Thumb Code     0  startup_mkl25z4.o(.text)
    UART2_IRQHandler                         0x0000015f   Thumb Code     0  startup_mkl25z4.o(.text)
    USB0_IRQHandler                          0x0000015f   Thumb Code     0  startup_mkl25z4.o(.text)
    __user_initial_stackheap                 0x00000165   Thumb Code     0  startup_mkl25z4.o(.text)
    __aeabi_uidiv                            0x00000189   Thumb Code     0  aeabi_sdiv.o(.text)
    __aeabi_uidivmod                         0x00000189   Thumb Code    20  aeabi_sdiv.o(.text)
    __aeabi_idiv                             0x0000019d   Thumb Code     0  aeabi_sdiv.o(.text)
    __aeabi_idivmod                          0x0000019d   Thumb Code   338  aeabi_sdiv.o(.text)
    __use_two_region_memory                  0x000002f5   Thumb Code     2  heapauxi.o(.text)
    __rt_heap_escrow$2region                 0x000002f7   Thumb Code     2  heapauxi.o(.text)
    __rt_heap_expand$2region                 0x000002f9   Thumb Code     2  heapauxi.o(.text)
    __aeabi_d2f                              0x000002fd   Thumb Code     0  d2f.o(.text)
    _d2f                                     0x000002fd   Thumb Code   120  d2f.o(.text)
    __aeabi_i2d_normalise                    0x00000379   Thumb Code    66  dflti.o(.text)
    __aeabi_i2d                              0x000003bb   Thumb Code    16  dflti.o(.text)
    _dflt                                    0x000003bb   Thumb Code     0  dflti.o(.text)
    __aeabi_ui2d                             0x000003cb   Thumb Code     6  dflti.o(.text)
    _dfltu                                   0x000003cb   Thumb Code     0  dflti.o(.text)
    exit                                     0x000003d1   Thumb Code    16  exit.o(.text)
    __fpl_fcheck_NaN2                        0x000003e1   Thumb Code    10  fnan2.o(.text)
    __user_libspace                          0x000003f1   Thumb Code     8  libspace.o(.text)
    __user_perproc_libspace                  0x000003f1   Thumb Code     0  libspace.o(.text)
    __user_perthread_libspace                0x000003f1   Thumb Code     0  libspace.o(.text)
    __I$use$semihosting                      0x000003f9   Thumb Code     0  use_no_semi.o(.text)
    __use_no_semihosting_swi                 0x000003f9   Thumb Code     2  use_no_semi.o(.text)
    __I$use$fp                               0x000003fa   Number         0  usenofp.o(x$fpl$usenofp)
    __semihosting_library_function           0x000003fb   Thumb Code     0  indicate_semi.o(.text)
    __aeabi_dmul                             0x00000411   Thumb Code     0  dmul.o(.text)
    _dmul                                    0x00000411   Thumb Code   558  dmul.o(.text)
    __aeabi_fdiv                             0x00000659   Thumb Code     0  fdiv.o(.text)
    _fdiv                                    0x00000659   Thumb Code   334  fdiv.o(.text)
    _frdiv                                   0x000007a7   Thumb Code     8  fdiv.o(.text)
    __aeabi_f2iz                             0x000007b9   Thumb Code     0  ffixi.o(.text)
    _ffix                                    0x000007b9   Thumb Code    76  ffixi.o(.text)
    __fpl_fcmp_InfNaN                        0x00000805   Thumb Code    96  fcmpin.o(.text)
    __user_setup_stackheap                   0x00000869   Thumb Code    62  sys_stackheap_outer.o(.text)
    __fpl_cmpreturn                          0x000008a7   Thumb Code    46  cmpret.o(.text)
    __fpl_return_NaN                         0x000008d5   Thumb Code    94  retnan.o(.text)
    _sys_exit                                0x00000935   Thumb Code     8  sys_exit.o(.text)
    ADC0_Calibrate                           0x00000941   Thumb Code   268  adc.o(.text.ADC0_Calibrate)
    ADC0_IRQHandler                          0x00000a89   Thumb Code   208  adc.o(.text.ADC0_IRQHandler)
    ADC0_Init                                0x00000b75   Thumb Code    68  adc.o(.text.ADC0_Init)
    PIT_IRQHandler                           0x00000bc5   Thumb Code   104  pit.o(.text.PIT_IRQHandler)
    PIT_Init                                 0x00000c39   Thumb Code   104  pit.o(.text.PIT_Init)
    Signal_Control                           0x00000cbd   Thumb Code    32  pwm.o(.text.Signal_Control)
    SysTick_Handler                          0x00000cf1   Thumb Code   160  clock.o(.text.SysTick_Handler)
    SystemClockTick_Configure                0x00000db9   Thumb Code    44  clock.o(.text.SystemClockTick_Configure)
    SystemClock_Configure                    0x00000df5   Thumb Code    36  clock.o(.text.SystemClock_Configure)
    SystemInit                               0x00000e21   Thumb Code     8  system_mkl25z4.o(.text.SystemInit)
    TPM2_Init                                0x00000e2d   Thumb Code    80  pwm.o(.text.TPM2_Init)
    UART0_IRQHandler                         0x00000e8d   Thumb Code   112  uart.o(.text.UART0_IRQHandler)
    UART0_Initialize                         0x00000f0d   Thumb Code   192  uart.o(.text.UART0_Initialize)
    UART0_Transmit                           0x00001005   Thumb Code    32  uart.o(.text.UART0_Transmit)
    digitalWrite                             0x000011d5   Thumb Code   216  gpio.o(.text.digitalWrite)
    initLeds                                 0x000012cd   Thumb Code   144  main.o(.text.initLeds)
    main                                     0x00001371   Thumb Code   152  main.o(.text.main)
    setPin                                   0x00001419   Thumb Code   160  gpio.o(.text.setPin)
    updateLEDs                               0x000014c9   Thumb Code   216  main.o(.text.updateLEDs)
    __aeabi_fcmple                           0x000015a5   Thumb Code     0  fcmp.o(i._fleq)
    _fleq                                    0x000015a5   Thumb Code    26  fcmp.o(i._fleq)
    __aeabi_cfcmple                          0x000015c1   Thumb Code     0  flef.o(x$fpl$fleqf)
    _fcmple                                  0x000015c1   Thumb Code    78  flef.o(x$fpl$fleqf)
    __aeabi_fmul                             0x00001615   Thumb Code     0  fmul.o(x$fpl$fmul)
    _fmul                                    0x00001615   Thumb Code   172  fmul.o(x$fpl$fmul)
    Region$$Table$$Base                      0x00001704   Number         0  anon$$obj.o(Region$$Table)
    Region$$Table$$Limit                     0x00001714   Number         0  anon$$obj.o(Region$$Table)
    __libspace_start                         0x1ffff000   Data          96  libspace.o(.bss)
    __temporary_stack_top$libspace           0x1ffff060   Data           0  libspace.o(.bss)
    angle_left                               0x1ffff064   Data           4  pwm.o(.bss.angle_left)
    angle_right                              0x1ffff068   Data           4  pwm.o(.bss.angle_right)
    base_tick                                0x1ffff06c   Data           2  clock.o(.bss.base_tick)
    flag_100ms                               0x1ffff06e   Data           1  clock.o(.bss.flag_100ms)
    flag_1s                                  0x1ffff06f   Data           1  clock.o(.bss.flag_1s)
    flag_500ms                               0x1ffff070   Data           1  clock.o(.bss.flag_500ms)
    flag_50ms                                0x1ffff071   Data           1  clock.o(.bss.flag_50ms)
    flag_5s                                  0x1ffff072   Data           1  clock.o(.bss.flag_5s)
    flame_status                             0x1ffff074   Data           4  adc.o(.bss.flame_status)
    led_state                                0x1ffff078   Data           1  pit.o(.bss.led_state)
    manual_servo                             0x1ffff079   Data           1  pwm.o(.bss.manual_servo)
    reverse_leds                             0x1ffff07a   Data           1  pit.o(.bss.reverse_leds)
    tick_100ms                               0x1ffff07c   Data           2  clock.o(.bss.tick_100ms)
    tick_1s                                  0x1ffff07e   Data           2  clock.o(.bss.tick_1s)
    tick_500ms                               0x1ffff080   Data           2  clock.o(.bss.tick_500ms)
    tick_50ms                                0x1ffff082   Data           2  clock.o(.bss.tick_50ms)



==============================================================================

Memory Map of the image

  Image Entry point : 0x00000149

  Load Region LR_1 (Base: 0x00000000, Size: 0x00001714, Max: 0xffffffff, ABSOLUTE)

    Execution Region ER_RO (Exec base: 0x00000000, Load base: 0x00000000, Size: 0x00001714, Max: 0xffffffff, ABSOLUTE)

    Exec Addr    Load Addr    Size         Type   Attr      Idx    E Section Name        Object

    0x00000000   0x00000000   0x000000c0   Data   RO          127    RESET               startup_mkl25z4.o
    0x000000c0   0x000000c0   0x00000008   Code   RO          157  * !!!main             c_p.l(__main.o)
    0x000000c8   0x000000c8   0x0000003c   Code   RO          374    !!!scatter          c_p.l(__scatter.o)
    0x00000104   0x00000104   0x0000001c   Code   RO          376    !!handler_zi        c_p.l(__scatter_zi.o)
    0x00000120   0x00000120   0x00000002   Code   RO          229    .ARM.Collect$$libinit$$00000000  c_p.l(libinit.o)
    0x00000122   0x00000122   0x00000000   Code   RO          247    .ARM.Collect$$libinit$$00000002  c_p.l(libinit2.o)
    0x00000122   0x00000122   0x00000000   Code   RO          249    .ARM.Collect$$libinit$$00000004  c_p.l(libinit2.o)
    0x00000122   0x00000122   0x00000000   Code   RO          251    .ARM.Collect$$libinit$$00000006  c_p.l(libinit2.o)
    0x00000122   0x00000122   0x00000000   Code   RO          254    .ARM.Collect$$libinit$$0000000C  c_p.l(libinit2.o)
    0x00000122   0x00000122   0x00000000   Code   RO          256    .ARM.Collect$$libinit$$0000000E  c_p.l(libinit2.o)
    0x00000122   0x00000122   0x00000000   Code   RO          258    .ARM.Collect$$libinit$$00000010  c_p.l(libinit2.o)
    0x00000122   0x00000122   0x00000000   Code   RO          261    .ARM.Collect$$libinit$$00000013  c_p.l(libinit2.o)
    0x00000122   0x00000122   0x00000000   Code   RO          263    .ARM.Collect$$libinit$$00000015  c_p.l(libinit2.o)
    0x00000122   0x00000122   0x00000000   Code   RO          265    .ARM.Collect$$libinit$$00000017  c_p.l(libinit2.o)
    0x00000122   0x00000122   0x00000000   Code   RO          267    .ARM.Collect$$libinit$$00000019  c_p.l(libinit2.o)
    0x00000122   0x00000122   0x00000000   Code   RO          269    .ARM.Collect$$libinit$$0000001B  c_p.l(libinit2.o)
    0x00000122   0x00000122   0x00000000   Code   RO          271    .ARM.Collect$$libinit$$0000001D  c_p.l(libinit2.o)
    0x00000122   0x00000122   0x00000000   Code   RO          273    .ARM.Collect$$libinit$$0000001F  c_p.l(libinit2.o)
    0x00000122   0x00000122   0x00000000   Code   RO          275    .ARM.Collect$$libinit$$00000021  c_p.l(libinit2.o)
    0x00000122   0x00000122   0x00000000   Code   RO          277    .ARM.Collect$$libinit$$00000023  c_p.l(libinit2.o)
    0x00000122   0x00000122   0x00000000   Code   RO          279    .ARM.Collect$$libinit$$00000025  c_p.l(libinit2.o)
    0x00000122   0x00000122   0x00000000   Code   RO          281    .ARM.Collect$$libinit$$00000027  c_p.l(libinit2.o)
    0x00000122   0x00000122   0x00000000   Code   RO          285    .ARM.Collect$$libinit$$0000002E  c_p.l(libinit2.o)
    0x00000122   0x00000122   0x00000000   Code   RO          287    .ARM.Collect$$libinit$$00000030  c_p.l(libinit2.o)
    0x00000122   0x00000122   0x00000000   Code   RO          289    .ARM.Collect$$libinit$$00000032  c_p.l(libinit2.o)
    0x00000122   0x00000122   0x00000000   Code   RO          291    .ARM.Collect$$libinit$$00000034  c_p.l(libinit2.o)
    0x00000122   0x00000122   0x00000002   Code   RO          292    .ARM.Collect$$libinit$$00000035  c_p.l(libinit2.o)
    0x00000124   0x00000124   0x00000002   Code   RO          329    .ARM.Collect$$libshutdown$$00000000  c_p.l(libshutdown.o)
    0x00000126   0x00000126   0x00000000   Code   RO          357    .ARM.Collect$$libshutdown$$00000002  c_p.l(libshutdown2.o)
    0x00000126   0x00000126   0x00000000   Code   RO          359    .ARM.Collect$$libshutdown$$00000004  c_p.l(libshutdown2.o)
    0x00000126   0x00000126   0x00000000   Code   RO          362    .ARM.Collect$$libshutdown$$00000007  c_p.l(libshutdown2.o)
    0x00000126   0x00000126   0x00000000   Code   RO          365    .ARM.Collect$$libshutdown$$0000000A  c_p.l(libshutdown2.o)
    0x00000126   0x00000126   0x00000000   Code   RO          367    .ARM.Collect$$libshutdown$$0000000C  c_p.l(libshutdown2.o)
    0x00000126   0x00000126   0x00000000   Code   RO          370    .ARM.Collect$$libshutdown$$0000000F  c_p.l(libshutdown2.o)
    0x00000126   0x00000126   0x00000002   Code   RO          371    .ARM.Collect$$libshutdown$$00000010  c_p.l(libshutdown2.o)
    0x00000128   0x00000128   0x00000000   Code   RO          184    .ARM.Collect$$rtentry$$00000000  c_p.l(__rtentry.o)
    0x00000128   0x00000128   0x00000000   Code   RO          197    .ARM.Collect$$rtentry$$00000002  c_p.l(__rtentry2.o)
    0x00000128   0x00000128   0x00000006   Code   RO          209    .ARM.Collect$$rtentry$$00000004  c_p.l(__rtentry4.o)
    0x0000012e   0x0000012e   0x00000000   Code   RO          199    .ARM.Collect$$rtentry$$00000009  c_p.l(__rtentry2.o)
    0x0000012e   0x0000012e   0x00000004   Code   RO          200    .ARM.Collect$$rtentry$$0000000A  c_p.l(__rtentry2.o)
    0x00000132   0x00000132   0x00000000   Code   RO          202    .ARM.Collect$$rtentry$$0000000C  c_p.l(__rtentry2.o)
    0x00000132   0x00000132   0x00000008   Code   RO          203    .ARM.Collect$$rtentry$$0000000D  c_p.l(__rtentry2.o)
    0x0000013a   0x0000013a   0x00000002   Code   RO          238    .ARM.Collect$$rtexit$$00000000  c_p.l(rtexit.o)
    0x0000013c   0x0000013c   0x00000000   Code   RO          300    .ARM.Collect$$rtexit$$00000002  c_p.l(rtexit2.o)
    0x0000013c   0x0000013c   0x00000004   Code   RO          301    .ARM.Collect$$rtexit$$00000003  c_p.l(rtexit2.o)
    0x00000140   0x00000140   0x00000006   Code   RO          302    .ARM.Collect$$rtexit$$00000004  c_p.l(rtexit2.o)
    0x00000146   0x00000146   0x00000002   PAD
    0x00000148   0x00000148   0x00000040   Code   RO          129  * .text               startup_mkl25z4.o
    0x00000188   0x00000188   0x0000016c   Code   RO          151    .text               c_p.l(aeabi_sdiv.o)
    0x000002f4   0x000002f4   0x00000006   Code   RO          155    .text               c_p.l(heapauxi.o)
    0x000002fa   0x000002fa   0x00000002   PAD
    0x000002fc   0x000002fc   0x0000007c   Code   RO          159    .text               fz_ps.l(d2f.o)
    0x00000378   0x00000378   0x00000058   Code   RO          161    .text               fz_ps.l(dflti.o)
    0x000003d0   0x000003d0   0x00000010   Code   RO          218    .text               c_p.l(exit.o)
    0x000003e0   0x000003e0   0x00000010   Code   RO          232    .text               fz_ps.l(fnan2.o)
    0x000003f0   0x000003f0   0x00000008   Code   RO          234    .text               c_p.l(libspace.o)
    0x000003f8   0x000003f8   0x00000002   Code   RO          318    .text               c_p.l(use_no_semi.o)
    0x000003fa   0x000003fa   0x00000000   Code   RO          320    .text               c_p.l(indicate_semi.o)
    0x000003fa   0x000003fa   0x00000000   Code   RO          195    x$fpl$usenofp       fz_ps.l(usenofp.o)
    0x000003fa   0x000003fa   0x00000006   PAD
    0x00000400   0x00000400   0x00000010   Code   RO          128    .ARM.__at_0x400     startup_mkl25z4.o
    0x00000410   0x00000410   0x00000248   Code   RO          163    .text               fz_ps.l(dmul.o)
    0x00000658   0x00000658   0x00000160   Code   RO          177    .text               fz_ps.l(fdiv.o)
    0x000007b8   0x000007b8   0x0000004c   Code   RO          180    .text               fz_ps.l(ffixi.o)
    0x00000804   0x00000804   0x00000064   Code   RO          213    .text               fz_ps.l(fcmpin.o)
    0x00000868   0x00000868   0x0000003e   Code   RO          215    .text               c_p.l(sys_stackheap_outer.o)
    0x000008a6   0x000008a6   0x0000002e   Code   RO          230    .text               fz_ps.l(cmpret.o)
    0x000008d4   0x000008d4   0x0000005e   Code   RO          293    .text               fz_ps.l(retnan.o)
    0x00000932   0x00000932   0x00000002   PAD
    0x00000934   0x00000934   0x0000000c   Code   RO          295    .text               c_p.l(sys_exit.o)
    0x00000940   0x00000940   0x00000148   Code   RO           70    .text.ADC0_Calibrate  adc.o
    0x00000a88   0x00000a88   0x000000ec   Code   RO           74    .text.ADC0_IRQHandler  adc.o
    0x00000b74   0x00000b74   0x00000050   Code   RO           68    .text.ADC0_Init     adc.o
    0x00000bc4   0x00000bc4   0x00000074   Code   RO           56    .text.PIT_IRQHandler  pit.o
    0x00000c38   0x00000c38   0x00000084   Code   RO           48    .text.PIT_Init      pit.o
    0x00000cbc   0x00000cbc   0x00000034   Code   RO           88    .text.Signal_Control  pwm.o
    0x00000cf0   0x00000cf0   0x000000c8   Code   RO          107    .text.SysTick_Handler  clock.o
    0x00000db8   0x00000db8   0x0000003c   Code   RO          103    .text.SystemClockTick_Configure  clock.o
    0x00000df4   0x00000df4   0x0000002c   Code   RO          101    .text.SystemClock_Configure  clock.o
    0x00000e20   0x00000e20   0x0000000c   Code   RO          138    .text.SystemInit    system_mkl25z4.o
    0x00000e2c   0x00000e2c   0x00000060   Code   RO           86    .text.TPM2_Init     pwm.o
    0x00000e8c   0x00000e8c   0x00000080   Code   RO           28    .text.UART0_IRQHandler  uart.o
    0x00000f0c   0x00000f0c   0x000000f8   Code   RO           22    .text.UART0_Initialize  uart.o
    0x00001004   0x00001004   0x00000028   Code   RO           18    .text.UART0_Transmit  uart.o
    0x0000102c   0x0000102c   0x00000028   Code   RO           24    .text.__NVIC_ClearPendingIRQ  uart.o
    0x00001054   0x00001054   0x0000002c   Code   RO           50    .text.__NVIC_ClearPendingIRQ  pit.o
    0x00001080   0x00001080   0x00000028   Code   RO           26    .text.__NVIC_EnableIRQ  uart.o
    0x000010a8   0x000010a8   0x0000002c   Code   RO           54    .text.__NVIC_EnableIRQ  pit.o
    0x000010d4   0x000010d4   0x0000007c   Code   RO           52    .text.__NVIC_SetPriority  pit.o
    0x00001150   0x00001150   0x00000084   Code   RO          105    .text.__NVIC_SetPriority  clock.o
    0x000011d4   0x000011d4   0x000000f8   Code   RO           39    .text.digitalWrite  gpio.o
    0x000012cc   0x000012cc   0x000000a4   Code   RO            4    .text.initLeds      main.o
    0x00001370   0x00001370   0x000000a8   Code   RO            6    .text.main          main.o
    0x00001418   0x00001418   0x000000b0   Code   RO           37    .text.setPin        gpio.o
    0x000014c8   0x000014c8   0x000000dc   Code   RO            2    .text.updateLEDs    main.o
    0x000015a4   0x000015a4   0x0000001a   Code   RO          168    i._fleq             fz_ps.l(fcmp.o)
    0x000015be   0x000015be   0x00000002   PAD
    0x000015c0   0x000015c0   0x00000054   Code   RO          193    x$fpl$fleqf         fz_ps.l(flef.o)
    0x00001614   0x00001614   0x000000b0   Code   RO          182    x$fpl$fmul          fz_ps.l(fmul.o)
    0x000016c4   0x000016c4   0x00000040   Data   RO          178    .constdata          fz_ps.l(fdiv.o)
    0x00001704   0x00001704   0x00000010   Data   RO          373    Region$$Table       anon$$obj.o


    Execution Region ER_RW (Exec base: 0x1ffff000, Load base: 0x00001714, Size: 0x00000000, Max: 0xffffffff, ABSOLUTE)

    **** No section assigned to this execution region ****


    Execution Region ER_ZI (Exec base: 0x1ffff000, Load base: 0x00001714, Size: 0x00000188, Max: 0xffffffff, ABSOLUTE)

    Exec Addr    Load Addr    Size         Type   Attr      Idx    E Section Name        Object

    0x1ffff000        -       0x00000060   Zero   RW          235    .bss                c_p.l(libspace.o)
    0x1ffff060        -       0x00000001   Zero   RW           90    .bss.Signal_Control.duty_cycle  pwm.o
    0x1ffff061   0x00001714   0x00000003   PAD
    0x1ffff064        -       0x00000004   Zero   RW           91    .bss.angle_left     pwm.o
    0x1ffff068        -       0x00000004   Zero   RW           92    .bss.angle_right    pwm.o
    0x1ffff06c        -       0x00000002   Zero   RW          109    .bss.base_tick      clock.o
    0x1ffff06e        -       0x00000001   Zero   RW          112    .bss.flag_100ms     clock.o
    0x1ffff06f        -       0x00000001   Zero   RW          116    .bss.flag_1s        clock.o
    0x1ffff070        -       0x00000001   Zero   RW          114    .bss.flag_500ms     clock.o
    0x1ffff071        -       0x00000001   Zero   RW          110    .bss.flag_50ms      clock.o
    0x1ffff072        -       0x00000001   Zero   RW          118    .bss.flag_5s        clock.o
    0x1ffff073   0x00001714   0x00000001   PAD
    0x1ffff074        -       0x00000004   Zero   RW           76    .bss.flame_status   adc.o
    0x1ffff078        -       0x00000001   Zero   RW           59    .bss.led_state      pit.o
    0x1ffff079        -       0x00000001   Zero   RW           93    .bss.manual_servo   pwm.o
    0x1ffff07a        -       0x00000001   Zero   RW           58    .bss.reverse_leds   pit.o
    0x1ffff07b   0x00001714   0x00000001   PAD
    0x1ffff07c        -       0x00000002   Zero   RW          113    .bss.tick_100ms     clock.o
    0x1ffff07e        -       0x00000002   Zero   RW          117    .bss.tick_1s        clock.o
    0x1ffff080        -       0x00000002   Zero   RW          115    .bss.tick_500ms     clock.o
    0x1ffff082        -       0x00000002   Zero   RW          111    .bss.tick_50ms      clock.o
    0x1ffff084   0x00001714   0x00000004   PAD
    0x1ffff088        -       0x00000000   Zero   RW          126    HEAP                startup_mkl25z4.o
    0x1ffff088        -       0x00000100   Zero   RW          125    STACK               startup_mkl25z4.o


==============================================================================

Image component sizes


      Code (inc. data)   RO Data    RW Data    ZI Data      Debug   Object Name

       644        100          0          0          4       2996   adc.o
       436         72          0          0         15       3458   clock.o
       424         80          0          0          0       1278   gpio.o
       552         56          0          0          0       2005   main.o
       460         48          0          0          2       3980   pit.o
       148         36          0          0         10       2779   pwm.o
        80         44        192          0        256        896   startup_mkl25z4.o
        12          4          0          0          0       2566   system_mkl25z4.o
       496         80          0          0          0       4338   uart.o

    ----------------------------------------------------------------------
      3252        520        208          0        296      24296   Object Totals
         0          0         16          0          0          0   (incl. Generated)
         0          0          0          0          9          0   (incl. Padding)

    ----------------------------------------------------------------------

      Code (inc. data)   RO Data    RW Data    ZI Data      Debug   Library Member Name

         8          0          0          0          0         68   __main.o
         0          0          0          0          0          0   __rtentry.o
        12          0          0          0          0          0   __rtentry2.o
         6          0          0          0          0          0   __rtentry4.o
        60          8          0          0          0          0   __scatter.o
        28          0          0          0          0          0   __scatter_zi.o
       364          4          0          0          0         92   aeabi_sdiv.o
        16          0          0          0          0         68   exit.o
         6          0          0          0          0        136   heapauxi.o
         0          0          0          0          0          0   indicate_semi.o
         2          0          0          0          0          0   libinit.o
         2          0          0          0          0          0   libinit2.o
         2          0          0          0          0          0   libshutdown.o
         2          0          0          0          0          0   libshutdown2.o
         8          4          0          0         96         68   libspace.o
         2          0          0          0          0          0   rtexit.o
        10          0          0          0          0          0   rtexit2.o
        12          4          0          0          0         60   sys_exit.o
        62          0          0          0          0         80   sys_stackheap_outer.o
         2          0          0          0          0         68   use_no_semi.o
        46          0          0          0          0         60   cmpret.o
       124          4          0          0          0         72   d2f.o
        88          0          0          0          0         92   dflti.o
       584         26          0          0          0         84   dmul.o
        26          0          0          0          0         68   fcmp.o
       100          4          0          0          0         68   fcmpin.o
       352         10         64          0          0         92   fdiv.o
        76          0          0          0          0         68   ffixi.o
        84          4          0          0          0         76   flef.o
       176          4          0          0          0         80   fmul.o
        16          6          0          0          0         68   fnan2.o
        94          0          0          0          0         68   retnan.o
         0          0          0          0          0          0   usenofp.o

    ----------------------------------------------------------------------
      2384         78         64          0         96       1536   Library Totals
        14          0          0          0          0          0   (incl. Padding)

    ----------------------------------------------------------------------

      Code (inc. data)   RO Data    RW Data    ZI Data      Debug   Library Name

       604         20          0          0         96        640   c_p.l
      1766         58         64          0          0        896   fz_ps.l

    ----------------------------------------------------------------------
      2384         78         64          0         96       1536   Library Totals

    ----------------------------------------------------------------------

==============================================================================


      Code (inc. data)   RO Data    RW Data    ZI Data      Debug   

      5636        598        272          0        392      24936   Grand Totals
      5636        598        272          0        392      24936   ELF Image Totals
      5636        598        272          0          0          0   ROM Totals

==============================================================================

    Total RO  Size (Code + RO Data)                 5908 (   5.77kB)
    Total RW  Size (RW Data + ZI Data)               392 (   0.38kB)
    Total ROM Size (Code + RO Data + RW Data)       5908 (   5.77kB)

==============================================================================

